02-16 18:00:55.778   994  1698 I I2C     : Automatically initializing I2C device RevColorSensorV3 USB (embedded); module 173; bus 1; addr7=0x52
02-16 18:00:55.778   994  1698 V BroadcomColorSensorImpl: internalInitialize()...
02-16 18:00:55.782   994  1698 V RobotCore: addr=false data=true arb=false clock=false
02-16 18:00:55.782   994  1698 E BroadcomColorSensor: readStatusQuery: cbExpected=1 cbRead=0
02-16 18:00:55.783   994  1698 E BroadcomColorSensorImpl: unexpected Broadcom color sensor chipid: found=0 expected=-62
02-16 18:00:55.783   994  1698 V BroadcomColorSensorImpl: ...internalInitialize()
02-16 18:00:55.784   994  1698 E RobotCore: Marking I2C device RevColorSensorV3 USB (embedded); module 173; bus 1; addr7=0x52 as unhealthy because initialization failed
02-16 18:00:55.889   994  1698 I I2C     : Automatically initializing I2C device RevColorSensorV3 USB (embedded); module 173; bus 1; addr7=0x52
02-16 18:00:55.889   994  1698 V BroadcomColorSensorImpl: internalInitialize()...
02-16 18:00:55.895   994  1698 V RobotCore: addr=false data=true arb=false clock=false
02-16 18:00:55.895   994  1698 E BroadcomColorSensor: readStatusQuery: cbExpected=1 cbRead=0
02-16 18:00:55.895   994  1698 E BroadcomColorSensorImpl: unexpected Broadcom color sensor chipid: found=0 expected=-62
02-16 18:00:55.895   994  1698 V BroadcomColorSensorImpl: ...internalInitialize()
02-16 18:00:55.896   994  1698 E RobotCore: Marking I2C device RevColorSensorV3 USB (embedded); module 173; bus 1; addr7=0x52 as unhealthy because initialization failed
02-16 18:00:56.006   994  1698 I I2C     : Automatically initializing I2C device RevColorSensorV3 USB (embedded); module 173; bus 1; addr7=0x52
02-16 18:00:56.006   994  1698 V BroadcomColorSensorImpl: internalInitialize()...
02-16 18:00:56.010   994  1698 V RobotCore: addr=false data=true arb=false clock=false
02-16 18:00:56.010   994  1698 E BroadcomColorSensor: readStatusQuery: cbExpected=1 cbRead=0
02-16 18:00:56.010   994  1698 E BroadcomColorSensorImpl: unexpected Broadcom color sensor chipid: found=0 expected=-62
02-16 18:00:56.010   994  1698 V BroadcomColorSensorImpl: ...internalInitialize()
02-16 18:00:56.011   994  1698 E RobotCore: Marking I2C device RevColorSensorV3 USB (embedded); module 173; bus 1; addr7=0x52 as unhealthy because initialization failed
02-16 18:00:56.114   994  1698 I I2C     : Automatically initializing I2C device RevColorSensorV3 USB (embedded); module 173; bus 1; addr7=0x52
02-16 18:00:56.114   994  1698 V BroadcomColorSensorImpl: internalInitialize()...
02-16 18:00:56.118   994  1698 V RobotCore: addr=false data=true arb=false clock=false
02-16 18:00:56.119   994  1698 E BroadcomColorSensor: readStatusQuery: cbExpected=1 cbRead=0
02-16 18:00:56.119   994  1698 E BroadcomColorSensorImpl: unexpected Broadcom color sensor chipid: found=0 expected=-62
02-16 18:00:56.119   994  1698 V BroadcomColorSensorImpl: ...internalInitialize()
02-16 18:00:56.119   994  1698 E RobotCore: Marking I2C device RevColorSensorV3 USB (embedded); module 173; bus 1; addr7=0x52 as unhealthy because initialization failed
02-16 18:00:56.225   994  1698 I I2C     : Automatically initializing I2C device RevColorSensorV3 USB (embedded); module 173; bus 1; addr7=0x52
02-16 18:00:56.225   994  1698 V BroadcomColorSensorImpl: internalInitialize()...
02-16 18:00:56.228   994  1698 V RobotCore: addr=false data=true arb=false clock=false
02-16 18:00:56.229   994  1698 E BroadcomColorSensor: readStatusQuery: cbExpected=1 cbRead=0
02-16 18:00:56.229   994  1698 E BroadcomColorSensorImpl: unexpected Broadcom color sensor chipid: found=0 expected=-62
02-16 18:00:56.229   994  1698 V BroadcomColorSensorImpl: ...internalInitialize()
02-16 18:00:56.230   994  1698 E RobotCore: Marking I2C device RevColorSensorV3 USB (embedded); module 173; bus 1; addr7=0x52 as unhealthy because initialization failed
02-16 18:00:56.337   994  1698 I I2C     : Automatically initializing I2C device RevColorSensorV3 USB (embedded); module 173; bus 1; addr7=0x52
02-16 18:00:56.337   994  1698 V BroadcomColorSensorImpl: internalInitialize()...
02-16 18:00:56.340   994  1698 V RobotCore: addr=false data=true arb=false clock=false
02-16 18:00:56.341   994  1698 E BroadcomColorSensor: readStatusQuery: cbExpected=1 cbRead=0
02-16 18:00:56.341   994  1698 E BroadcomColorSensorImpl: unexpected Broadcom color sensor chipid: found=0 expected=-62
02-16 18:00:56.341   994  1698 V BroadcomColorSensorImpl: ...internalInitialize()
02-16 18:00:56.342   994  1698 E RobotCore: Marking I2C device RevColorSensorV3 USB (embedded); module 173; bus 1; addr7=0x52 as unhealthy because initialization failed
02-16 18:00:56.444   994  1698 I I2C     : Automatically initializing I2C device RevColorSensorV3 USB (embedded); module 173; bus 1; addr7=0x52
02-16 18:00:56.445   994  1698 V BroadcomColorSensorImpl: internalInitialize()...
02-16 18:00:56.448   994  1698 V RobotCore: addr=false data=true arb=false clock=false
02-16 18:00:56.448   994  1698 E BroadcomColorSensor: readStatusQuery: cbExpected=1 cbRead=0
02-16 18:00:56.448   994  1698 E BroadcomColorSensorImpl: unexpected Broadcom color sensor chipid: found=0 expected=-62
02-16 18:00:56.448   994  1698 V BroadcomColorSensorImpl: ...internalInitialize()
02-16 18:00:56.449   994  1698 E RobotCore: Marking I2C device RevColorSensorV3 USB (embedded); module 173; bus 1; addr7=0x52 as unhealthy because initialization failed
02-16 18:00:56.553   994  1698 I I2C     : Automatically initializing I2C device RevColorSensorV3 USB (embedded); module 173; bus 1; addr7=0x52
02-16 18:00:56.553   994  1698 V BroadcomColorSensorImpl: internalInitialize()...
02-16 18:00:56.556   994  1698 V RobotCore: addr=false data=true arb=false clock=false
02-16 18:00:56.556   994  1698 E BroadcomColorSensor: readStatusQuery: cbExpected=1 cbRead=0
02-16 18:00:56.557   994  1698 E BroadcomColorSensorImpl: unexpected Broadcom color sensor chipid: found=0 expected=-62
02-16 18:00:56.557   994  1698 V BroadcomColorSensorImpl: ...internalInitialize()
02-16 18:00:56.557   994  1698 E RobotCore: Marking I2C device RevColorSensorV3 USB (embedded); module 173; bus 1; addr7=0x52 as unhealthy because initialization failed
02-16 18:00:56.665   994  1698 I I2C     : Automatically initializing I2C device RevColorSensorV3 USB (embedded); module 173; bus 1; addr7=0x52
02-16 18:00:56.665   994  1698 V BroadcomColorSensorImpl: internalInitialize()...
02-16 18:00:56.670   994  1698 V RobotCore: addr=false data=true arb=false clock=false
02-16 18:00:56.670   994  1698 E BroadcomColorSensor: readStatusQuery: cbExpected=1 cbRead=0
02-16 18:00:56.671   994  1698 E BroadcomColorSensorImpl: unexpected Broadcom color sensor chipid: found=0 expected=-62
02-16 18:00:56.671   994  1698 V BroadcomColorSensorImpl: ...internalInitialize()
02-16 18:00:56.671   994  1698 E RobotCore: Marking I2C device RevColorSensorV3 USB (embedded); module 173; bus 1; addr7=0x52 as unhealthy because initialization failed
02-16 18:00:56.775   994  1698 I I2C     : Automatically initializing I2C device RevColorSensorV3 USB (embedded); module 173; bus 1; addr7=0x52
02-16 18:00:56.775   994  1698 V BroadcomColorSensorImpl: internalInitialize()...
02-16 18:00:56.780   994  1698 V RobotCore: addr=false data=true arb=false clock=false
02-16 18:00:56.780   994  1698 E BroadcomColorSensor: readStatusQuery: cbExpected=1 cbRead=0
02-16 18:00:56.780   994  1698 E BroadcomColorSensorImpl: unexpected Broadcom color sensor chipid: found=0 expected=-62
02-16 18:00:56.780   994  1698 V BroadcomColorSensorImpl: ...internalInitialize()
02-16 18:00:56.781   994  1698 E RobotCore: Marking I2C device RevColorSensorV3 USB (embedded); module 173; bus 1; addr7=0x52 as unhealthy because initialization failed
02-16 18:00:56.885   994  1698 I I2C     : Automatically initializing I2C device RevColorSensorV3 USB (embedded); module 173; bus 1; addr7=0x52
02-16 18:00:56.885   994  1698 V BroadcomColorSensorImpl: internalInitialize()...
02-16 18:00:56.890   994  1698 V RobotCore: addr=false data=true arb=false clock=false
02-16 18:00:56.890   994  1698 E BroadcomColorSensor: readStatusQuery: cbExpected=1 cbRead=0
02-16 18:00:56.890   994  1698 E BroadcomColorSensorImpl: unexpected Broadcom color sensor chipid: found=0 expected=-62
02-16 18:00:56.890   994  1698 V BroadcomColorSensorImpl: ...internalInitialize()
02-16 18:00:56.890   994  1698 E RobotCore: Marking I2C device RevColorSensorV3 USB (embedded); module 173; bus 1; addr7=0x52 as unhealthy because initialization failed
02-16 18:00:56.999   994  1698 I I2C     : Automatically initializing I2C device RevColorSensorV3 USB (embedded); module 173; bus 1; addr7=0x52
02-16 18:00:56.999   994  1698 V BroadcomColorSensorImpl: internalInitialize()...
02-16 18:00:57.002   994  1698 V RobotCore: addr=false data=true arb=false clock=false
02-16 18:00:57.002   994  1698 E BroadcomColorSensor: readStatusQuery: cbExpected=1 cbRead=0
02-16 18:00:57.002   994  1698 E BroadcomColorSensorImpl: unexpected Broadcom color sensor chipid: found=0 expected=-62
02-16 18:00:57.002   994  1698 V BroadcomColorSensorImpl: ...internalInitialize()
02-16 18:00:57.003   994  1698 E RobotCore: Marking I2C device RevColorSensorV3 USB (embedded); module 173; bus 1; addr7=0x52 as unhealthy because initialization failed
02-16 18:00:57.107   994  1698 I I2C     : Automatically initializing I2C device RevColorSensorV3 USB (embedded); module 173; bus 1; addr7=0x52
02-16 18:00:57.107   994  1698 V BroadcomColorSensorImpl: internalInitialize()...
02-16 18:00:57.111   994  1698 V RobotCore: addr=false data=true arb=false clock=false
02-16 18:00:57.111   994  1698 E BroadcomColorSensor: readStatusQuery: cbExpected=1 cbRead=0
02-16 18:00:57.112   994  1698 E BroadcomColorSensorImpl: unexpected Broadcom color sensor chipid: found=0 expected=-62
02-16 18:00:57.112   994  1698 V BroadcomColorSensorImpl: ...internalInitialize()
02-16 18:00:57.112   994  1698 E RobotCore: Marking I2C device RevColorSensorV3 USB (embedded); module 173; bus 1; addr7=0x52 as unhealthy because initialization failed
02-16 18:00:57.218   994  1698 I I2C     : Automatically initializing I2C device RevColorSensorV3 USB (embedded); module 173; bus 1; addr7=0x52
02-16 18:00:57.218   994  1698 V BroadcomColorSensorImpl: internalInitialize()...
02-16 18:00:57.222   994  1698 V RobotCore: addr=false data=true arb=false clock=false
02-16 18:00:57.222   994  1698 E BroadcomColorSensor: readStatusQuery: cbExpected=1 cbRead=0
02-16 18:00:57.222   994  1698 E BroadcomColorSensorImpl: unexpected Broadcom color sensor chipid: found=0 expected=-62
02-16 18:00:57.222   994  1698 V BroadcomColorSensorImpl: ...internalInitialize()
02-16 18:00:57.222   994  1698 E RobotCore: Marking I2C device RevColorSensorV3 USB (embedded); module 173; bus 1; addr7=0x52 as unhealthy because initialization failed
02-16 18:00:57.326   994  1698 I I2C     : Automatically initializing I2C device RevColorSensorV3 USB (embedded); module 173; bus 1; addr7=0x52
02-16 18:00:57.326   994  1698 V BroadcomColorSensorImpl: internalInitialize()...
02-16 18:00:57.329   994  1698 V RobotCore: addr=false data=true arb=false clock=false
02-16 18:00:57.329   994  1698 E BroadcomColorSensor: readStatusQuery: cbExpected=1 cbRead=0
02-16 18:00:57.330   994  1698 E BroadcomColorSensorImpl: unexpected Broadcom color sensor chipid: found=0 expected=-62
02-16 18:00:57.330   994  1698 V BroadcomColorSensorImpl: ...internalInitialize()
02-16 18:00:57.330   994  1698 E RobotCore: Marking I2C device RevColorSensorV3 USB (embedded); module 173; bus 1; addr7=0x52 as unhealthy because initialization failed
02-16 18:00:57.433   994  1698 I I2C     : Automatically initializing I2C device RevColorSensorV3 USB (embedded); module 173; bus 1; addr7=0x52
02-16 18:00:57.434   994  1698 V BroadcomColorSensorImpl: internalInitialize()...
02-16 18:00:57.437   994  1698 V RobotCore: addr=false data=true arb=false clock=false
02-16 18:00:57.437   994  1698 E BroadcomColorSensor: readStatusQuery: cbExpected=1 cbRead=0
02-16 18:00:57.437   994  1698 E BroadcomColorSensorImpl: unexpected Broadcom color sensor chipid: found=0 expected=-62
02-16 18:00:57.437   994  1698 V BroadcomColorSensorImpl: ...internalInitialize()
02-16 18:00:57.438   994  1698 E RobotCore: Marking I2C device RevColorSensorV3 USB (embedded); module 173; bus 1; addr7=0x52 as unhealthy because initialization failed
02-16 18:00:57.544   994  1698 I I2C     : Automatically initializing I2C device RevColorSensorV3 USB (embedded); module 173; bus 1; addr7=0x52
02-16 18:00:57.544   994  1698 V BroadcomColorSensorImpl: internalInitialize()...
02-16 18:00:57.548   994  1698 V RobotCore: addr=false data=true arb=false clock=false
02-16 18:00:57.549   994  1698 E BroadcomColorSensor: readStatusQuery: cbExpected=1 cbRead=0
02-16 18:00:57.549   994  1698 E BroadcomColorSensorImpl: unexpected Broadcom color sensor chipid: found=0 expected=-62
02-16 18:00:57.549   994  1698 V BroadcomColorSensorImpl: ...internalInitialize()
02-16 18:00:57.550   994  1698 E RobotCore: Marking I2C device RevColorSensorV3 USB (embedded); module 173; bus 1; addr7=0x52 as unhealthy because initialization failed
02-16 18:00:57.654   994  1698 I I2C     : Automatically initializing I2C device RevColorSensorV3 USB (embedded); module 173; bus 1; addr7=0x52
02-16 18:00:57.655   994  1698 V BroadcomColorSensorImpl: internalInitialize()...
02-16 18:00:57.658   994  1698 V RobotCore: addr=false data=true arb=false clock=false
02-16 18:00:57.659   994  1698 E BroadcomColorSensor: readStatusQuery: cbExpected=1 cbRead=0
02-16 18:00:57.659   994  1698 E BroadcomColorSensorImpl: unexpected Broadcom color sensor chipid: found=0 expected=-62
02-16 18:00:57.659   994  1698 V BroadcomColorSensorImpl: ...internalInitialize()
02-16 18:00:57.659   994  1698 E RobotCore: Marking I2C device RevColorSensorV3 USB (embedded); module 173; bus 1; addr7=0x52 as unhealthy because initialization failed
02-16 18:00:57.763   994  1698 I I2C     : Automatically initializing I2C device RevColorSensorV3 USB (embedded); module 173; bus 1; addr7=0x52
02-16 18:00:57.763   994  1698 V BroadcomColorSensorImpl: internalInitialize()...
02-16 18:00:57.767   994  1698 V RobotCore: addr=false data=true arb=false clock=false
02-16 18:00:57.768   994  1698 E BroadcomColorSensor: readStatusQuery: cbExpected=1 cbRead=0
02-16 18:00:57.768   994  1698 E BroadcomColorSensorImpl: unexpected Broadcom color sensor chipid: found=0 expected=-62
02-16 18:00:57.768   994  1698 V BroadcomColorSensorImpl: ...internalInitialize()
02-16 18:00:57.769   994  1698 E RobotCore: Marking I2C device RevColorSensorV3 USB (embedded); module 173; bus 1; addr7=0x52 as unhealthy because initialization failed
02-16 18:00:57.879   994  1698 I I2C     : Automatically initializing I2C device RevColorSensorV3 USB (embedded); module 173; bus 1; addr7=0x52
02-16 18:00:57.879   994  1698 V BroadcomColorSensorImpl: internalInitialize()...
02-16 18:00:57.883   994  1698 V RobotCore: addr=false data=true arb=false clock=false
02-16 18:00:57.883   994  1698 E BroadcomColorSensor: readStatusQuery: cbExpected=1 cbRead=0
02-16 18:00:57.884   994  1698 E BroadcomColorSensorImpl: unexpected Broadcom color sensor chipid: found=0 expected=-62
02-16 18:00:57.884   994  1698 V BroadcomColorSensorImpl: ...internalInitialize()
02-16 18:00:57.884   994  1698 E RobotCore: Marking I2C device RevColorSensorV3 USB (embedded); module 173; bus 1; addr7=0x52 as unhealthy because initialization failed
02-16 18:00:57.987   994  1698 I I2C     : Automatically initializing I2C device RevColorSensorV3 USB (embedded); module 173; bus 1; addr7=0x52
02-16 18:00:57.987   994  1698 V BroadcomColorSensorImpl: internalInitialize()...
02-16 18:00:57.991   994  1698 V RobotCore: addr=false data=true arb=false clock=false
02-16 18:00:57.991   994  1698 E BroadcomColorSensor: readStatusQuery: cbExpected=1 cbRead=0
02-16 18:00:57.991   994  1698 E BroadcomColorSensorImpl: unexpected Broadcom color sensor chipid: found=0 expected=-62
02-16 18:00:57.991   994  1698 V BroadcomColorSensorImpl: ...internalInitialize()
02-16 18:00:57.992   994  1698 E RobotCore: Marking I2C device RevColorSensorV3 USB (embedded); module 173; bus 1; addr7=0x52 as unhealthy because initialization failed
02-16 18:00:58.098   994  1698 I I2C     : Automatically initializing I2C device RevColorSensorV3 USB (embedded); module 173; bus 1; addr7=0x52
02-16 18:00:58.099   994  1698 V BroadcomColorSensorImpl: internalInitialize()...
02-16 18:00:58.102   994  1698 V RobotCore: addr=false data=true arb=false clock=false
02-16 18:00:58.103   994  1698 E BroadcomColorSensor: readStatusQuery: cbExpected=1 cbRead=0
02-16 18:00:58.103   994  1698 E BroadcomColorSensorImpl: unexpected Broadcom color sensor chipid: found=0 expected=-62
02-16 18:00:58.103   994  1698 V BroadcomColorSensorImpl: ...internalInitialize()
02-16 18:00:58.103   994  1698 E RobotCore: Marking I2C device RevColorSensorV3 USB (embedded); module 173; bus 1; addr7=0x52 as unhealthy because initialization failed
02-16 18:00:58.212   994  1698 I I2C     : Automatically initializing I2C device RevColorSensorV3 USB (embedded); module 173; bus 1; addr7=0x52
02-16 18:00:58.212   994  1698 V BroadcomColorSensorImpl: internalInitialize()...
02-16 18:00:58.216   994  1698 V RobotCore: addr=false data=true arb=false clock=false
02-16 18:00:58.216   994  1698 E BroadcomColorSensor: readStatusQuery: cbExpected=1 cbRead=0
02-16 18:00:58.217   994  1698 E BroadcomColorSensorImpl: unexpected Broadcom color sensor chipid: found=0 expected=-62
02-16 18:00:58.217   994  1698 V BroadcomColorSensorImpl: ...internalInitialize()
02-16 18:00:58.217   994  1698 E RobotCore: Marking I2C device RevColorSensorV3 USB (embedded); module 173; bus 1; addr7=0x52 as unhealthy because initialization failed
02-16 18:00:58.323   994  1698 I I2C     : Automatically initializing I2C device RevColorSensorV3 USB (embedded); module 173; bus 1; addr7=0x52
02-16 18:00:58.323   994  1698 V BroadcomColorSensorImpl: internalInitialize()...
02-16 18:00:58.327   994  1698 V RobotCore: addr=false data=true arb=false clock=false
02-16 18:00:58.327   994  1698 E BroadcomColorSensor: readStatusQuery: cbExpected=1 cbRead=0
02-16 18:00:58.328   994  1698 E BroadcomColorSensorImpl: unexpected Broadcom color sensor chipid: found=0 expected=-62
02-16 18:00:58.328   994  1698 V BroadcomColorSensorImpl: ...internalInitialize()
02-16 18:00:58.329   994  1698 E RobotCore: Marking I2C device RevColorSensorV3 USB (embedded); module 173; bus 1; addr7=0x52 as unhealthy because initialization failed
02-16 18:00:58.434   994  1698 I I2C     : Automatically initializing I2C device RevColorSensorV3 USB (embedded); module 173; bus 1; addr7=0x52
02-16 18:00:58.434   994  1698 V BroadcomColorSensorImpl: internalInitialize()...
02-16 18:00:58.437   994  1698 V RobotCore: addr=false data=true arb=false clock=false
02-16 18:00:58.437   994  1698 E BroadcomColorSensor: readStatusQuery: cbExpected=1 cbRead=0
02-16 18:00:58.437   994  1698 E BroadcomColorSensorImpl: unexpected Broadcom color sensor chipid: found=0 expected=-62
02-16 18:00:58.438   994  1698 V BroadcomColorSensorImpl: ...internalInitialize()
02-16 18:00:58.438   994  1698 E RobotCore: Marking I2C device RevColorSensorV3 USB (embedded); module 173; bus 1; addr7=0x52 as unhealthy because initialization failed
02-16 18:00:58.544   994  1698 I I2C     : Automatically initializing I2C device RevColorSensorV3 USB (embedded); module 173; bus 1; addr7=0x52
02-16 18:00:58.544   994  1698 V BroadcomColorSensorImpl: internalInitialize()...
02-16 18:00:58.547   994  1698 V RobotCore: addr=false data=true arb=false clock=false
02-16 18:00:58.547   994  1698 E BroadcomColorSensor: readStatusQuery: cbExpected=1 cbRead=0
02-16 18:00:58.548   994  1698 E BroadcomColorSensorImpl: unexpected Broadcom color sensor chipid: found=0 expected=-62
02-16 18:00:58.548   994  1698 V BroadcomColorSensorImpl: ...internalInitialize()
02-16 18:00:58.549   994  1698 E RobotCore: Marking I2C device RevColorSensorV3 USB (embedded); module 173; bus 1; addr7=0x52 as unhealthy because initialization failed
02-16 18:00:58.654   994  1698 I I2C     : Automatically initializing I2C device RevColorSensorV3 USB (embedded); module 173; bus 1; addr7=0x52
02-16 18:00:58.654   994  1698 V BroadcomColorSensorImpl: internalInitialize()...
02-16 18:00:58.657   994  1698 V RobotCore: addr=false data=true arb=false clock=false
02-16 18:00:58.657   994  1698 E BroadcomColorSensor: readStatusQuery: cbExpected=1 cbRead=0
02-16 18:00:58.658   994  1698 E BroadcomColorSensorImpl: unexpected Broadcom color sensor chipid: found=0 expected=-62
02-16 18:00:58.658   994  1698 V BroadcomColorSensorImpl: ...internalInitialize()
02-16 18:00:58.658   994  1698 E RobotCore: Marking I2C device RevColorSensorV3 USB (embedded); module 173; bus 1; addr7=0x52 as unhealthy because initialization failed
02-16 18:00:58.761   994  1698 I I2C     : Automatically initializing I2C device RevColorSensorV3 USB (embedded); module 173; bus 1; addr7=0x52
02-16 18:00:58.761   994  1698 V BroadcomColorSensorImpl: internalInitialize()...
02-16 18:00:58.764   994  1698 V RobotCore: addr=false data=true arb=false clock=false
02-16 18:00:58.765   994  1698 E BroadcomColorSensor: readStatusQuery: cbExpected=1 cbRead=0
02-16 18:00:58.765   994  1698 E BroadcomColorSensorImpl: unexpected Broadcom color sensor chipid: found=0 expected=-62
02-16 18:00:58.765   994  1698 V BroadcomColorSensorImpl: ...internalInitialize()
02-16 18:00:58.766   994  1698 E RobotCore: Marking I2C device RevColorSensorV3 USB (embedded); module 173; bus 1; addr7=0x52 as unhealthy because initialization failed
02-16 18:00:58.872   994  1698 I I2C     : Automatically initializing I2C device RevColorSensorV3 USB (embedded); module 173; bus 1; addr7=0x52
02-16 18:00:58.872   994  1698 V BroadcomColorSensorImpl: internalInitialize()...
02-16 18:00:58.875   994  1698 V RobotCore: addr=false data=true arb=false clock=false
02-16 18:00:58.875   994  1698 E BroadcomColorSensor: readStatusQuery: cbExpected=1 cbRead=0
02-16 18:00:58.876   994  1698 E BroadcomColorSensorImpl: unexpected Broadcom color sensor chipid: found=0 expected=-62
02-16 18:00:58.876   994  1698 V BroadcomColorSensorImpl: ...internalInitialize()
02-16 18:00:58.876   994  1698 E RobotCore: Marking I2C device RevColorSensorV3 USB (embedded); module 173; bus 1; addr7=0x52 as unhealthy because initialization failed
02-16 18:00:58.981   994  1698 I I2C     : Automatically initializing I2C device RevColorSensorV3 USB (embedded); module 173; bus 1; addr7=0x52
02-16 18:00:58.981   994  1698 V BroadcomColorSensorImpl: internalInitialize()...
02-16 18:00:58.985   994  1698 V RobotCore: addr=false data=true arb=false clock=false
02-16 18:00:58.985   994  1698 E BroadcomColorSensor: readStatusQuery: cbExpected=1 cbRead=0
02-16 18:00:58.985   994  1698 E BroadcomColorSensorImpl: unexpected Broadcom color sensor chipid: found=0 expected=-62
02-16 18:00:58.985   994  1698 V BroadcomColorSensorImpl: ...internalInitialize()
02-16 18:00:58.986   994  1698 E RobotCore: Marking I2C device RevColorSensorV3 USB (embedded); module 173; bus 1; addr7=0x52 as unhealthy because initialization failed
02-16 18:00:59.090   994  1698 I I2C     : Automatically initializing I2C device RevColorSensorV3 USB (embedded); module 173; bus 1; addr7=0x52
02-16 18:00:59.090   994  1698 V BroadcomColorSensorImpl: internalInitialize()...
02-16 18:00:59.094   994  1698 V RobotCore: addr=false data=true arb=false clock=false
02-16 18:00:59.095   994  1698 E BroadcomColorSensor: readStatusQuery: cbExpected=1 cbRead=0
02-16 18:00:59.095   994  1698 E BroadcomColorSensorImpl: unexpected Broadcom color sensor chipid: found=0 expected=-62
02-16 18:00:59.095   994  1698 V BroadcomColorSensorImpl: ...internalInitialize()
02-16 18:00:59.095   994  1698 E RobotCore: Marking I2C device RevColorSensorV3 USB (embedded); module 173; bus 1; addr7=0x52 as unhealthy because initialization failed
02-16 18:00:59.203   994  1698 I I2C     : Automatically initializing I2C device RevColorSensorV3 USB (embedded); module 173; bus 1; addr7=0x52
02-16 18:00:59.203   994  1698 V BroadcomColorSensorImpl: internalInitialize()...
02-16 18:00:59.206   994  1698 V RobotCore: addr=false data=true arb=false clock=false
02-16 18:00:59.206   994  1698 E BroadcomColorSensor: readStatusQuery: cbExpected=1 cbRead=0
02-16 18:00:59.207   994  1698 E BroadcomColorSensorImpl: unexpected Broadcom color sensor chipid: found=0 expected=-62
02-16 18:00:59.207   994  1698 V BroadcomColorSensorImpl: ...internalInitialize()
02-16 18:00:59.207   994  1698 E RobotCore: Marking I2C device RevColorSensorV3 USB (embedded); module 173; bus 1; addr7=0x52 as unhealthy because initialization failed
02-16 18:00:59.310   994  1698 I I2C     : Automatically initializing I2C device RevColorSensorV3 USB (embedded); module 173; bus 1; addr7=0x52
02-16 18:00:59.311   994  1698 V BroadcomColorSensorImpl: internalInitialize()...
02-16 18:00:59.314   994  1698 V RobotCore: addr=false data=true arb=false clock=false
02-16 18:00:59.315   994  1698 E BroadcomColorSensor: readStatusQuery: cbExpected=1 cbRead=0
02-16 18:00:59.315   994  1698 E BroadcomColorSensorImpl: unexpected Broadcom color sensor chipid: found=0 expected=-62
02-16 18:00:59.315   994  1698 V BroadcomColorSensorImpl: ...internalInitialize()
02-16 18:00:59.315   994  1698 E RobotCore: Marking I2C device RevColorSensorV3 USB (embedded); module 173; bus 1; addr7=0x52 as unhealthy because initialization failed
02-16 18:00:59.423   994  1698 I I2C     : Automatically initializing I2C device RevColorSensorV3 USB (embedded); module 173; bus 1; addr7=0x52
02-16 18:00:59.423   994  1698 V BroadcomColorSensorImpl: internalInitialize()...
02-16 18:00:59.426   994  1698 V RobotCore: addr=false data=true arb=false clock=false
02-16 18:00:59.427   994  1698 E BroadcomColorSensor: readStatusQuery: cbExpected=1 cbRead=0
02-16 18:00:59.427   994  1698 E BroadcomColorSensorImpl: unexpected Broadcom color sensor chipid: found=0 expected=-62
02-16 18:00:59.427   994  1698 V BroadcomColorSensorImpl: ...internalInitialize()
02-16 18:00:59.428   994  1698 E RobotCore: Marking I2C device RevColorSensorV3 USB (embedded); module 173; bus 1; addr7=0x52 as unhealthy because initialization failed
02-16 18:00:59.531   994  1698 I I2C     : Automatically initializing I2C device RevColorSensorV3 USB (embedded); module 173; bus 1; addr7=0x52
02-16 18:00:59.531   994  1698 V BroadcomColorSensorImpl: internalInitialize()...
02-16 18:00:59.535   994  1698 V RobotCore: addr=false data=true arb=false clock=false
02-16 18:00:59.535   994  1698 E BroadcomColorSensor: readStatusQuery: cbExpected=1 cbRead=0
02-16 18:00:59.535   994  1698 E BroadcomColorSensorImpl: unexpected Broadcom color sensor chipid: found=0 expected=-62
02-16 18:00:59.535   994  1698 V BroadcomColorSensorImpl: ...internalInitialize()
02-16 18:00:59.536   994  1698 E RobotCore: Marking I2C device RevColorSensorV3 USB (embedded); module 173; bus 1; addr7=0x52 as unhealthy because initialization failed
02-16 18:00:59.639   994  1698 I I2C     : Automatically initializing I2C device RevColorSensorV3 USB (embedded); module 173; bus 1; addr7=0x52
02-16 18:00:59.639   994  1698 V BroadcomColorSensorImpl: internalInitialize()...
02-16 18:00:59.643   994  1698 V RobotCore: addr=false data=true arb=false clock=false
02-16 18:00:59.643   994  1698 E BroadcomColorSensor: readStatusQuery: cbExpected=1 cbRead=0
02-16 18:00:59.644   994  1698 E BroadcomColorSensorImpl: unexpected Broadcom color sensor chipid: found=0 expected=-62
02-16 18:00:59.644   994  1698 V BroadcomColorSensorImpl: ...internalInitialize()
02-16 18:00:59.645   994  1698 E RobotCore: Marking I2C device RevColorSensorV3 USB (embedded); module 173; bus 1; addr7=0x52 as unhealthy because initialization failed
02-16 18:00:59.749   994  1698 I I2C     : Automatically initializing I2C device RevColorSensorV3 USB (embedded); module 173; bus 1; addr7=0x52
02-16 18:00:59.749   994  1698 V BroadcomColorSensorImpl: internalInitialize()...
02-16 18:00:59.753   994  1698 V RobotCore: addr=false data=true arb=false clock=false
02-16 18:00:59.753   994  1698 E BroadcomColorSensor: readStatusQuery: cbExpected=1 cbRead=0
02-16 18:00:59.753   994  1698 E BroadcomColorSensorImpl: unexpected Broadcom color sensor chipid: found=0 expected=-62
02-16 18:00:59.753   994  1698 V BroadcomColorSensorImpl: ...internalInitialize()
02-16 18:00:59.754   994  1698 E RobotCore: Marking I2C device RevColorSensorV3 USB (embedded); module 173; bus 1; addr7=0x52 as unhealthy because initialization failed
02-16 18:00:59.859   994  1698 I I2C     : Automatically initializing I2C device RevColorSensorV3 USB (embedded); module 173; bus 1; addr7=0x52
02-16 18:00:59.859   994  1698 V BroadcomColorSensorImpl: internalInitialize()...
02-16 18:00:59.863   994  1698 V RobotCore: addr=false data=true arb=false clock=false
02-16 18:00:59.863   994  1698 E BroadcomColorSensor: readStatusQuery: cbExpected=1 cbRead=0
02-16 18:00:59.864   994  1698 E BroadcomColorSensorImpl: unexpected Broadcom color sensor chipid: found=0 expected=-62
02-16 18:00:59.864   994  1698 V BroadcomColorSensorImpl: ...internalInitialize()
02-16 18:00:59.864   994  1698 E RobotCore: Marking I2C device RevColorSensorV3 USB (embedded); module 173; bus 1; addr7=0x52 as unhealthy because initialization failed
02-16 18:00:59.973   994  1698 I I2C     : Automatically initializing I2C device RevColorSensorV3 USB (embedded); module 173; bus 1; addr7=0x52
02-16 18:00:59.973   994  1698 V BroadcomColorSensorImpl: internalInitialize()...
02-16 18:00:59.977   994  1698 V RobotCore: addr=false data=true arb=false clock=false
02-16 18:00:59.977   994  1698 E BroadcomColorSensor: readStatusQuery: cbExpected=1 cbRead=0
02-16 18:00:59.978   994  1698 E BroadcomColorSensorImpl: unexpected Broadcom color sensor chipid: found=0 expected=-62
02-16 18:00:59.978   994  1698 V BroadcomColorSensorImpl: ...internalInitialize()
02-16 18:00:59.978   994  1698 E RobotCore: Marking I2C device RevColorSensorV3 USB (embedded); module 173; bus 1; addr7=0x52 as unhealthy because initialization failed
02-16 18:01:00.082   994  1698 I I2C     : Automatically initializing I2C device RevColorSensorV3 USB (embedded); module 173; bus 1; addr7=0x52
02-16 18:01:00.083   994  1698 V BroadcomColorSensorImpl: internalInitialize()...
02-16 18:01:00.086   994  1698 V RobotCore: addr=false data=true arb=false clock=false
02-16 18:01:00.086   994  1698 E BroadcomColorSensor: readStatusQuery: cbExpected=1 cbRead=0
02-16 18:01:00.086   994  1698 E BroadcomColorSensorImpl: unexpected Broadcom color sensor chipid: found=0 expected=-62
02-16 18:01:00.086   994  1698 V BroadcomColorSensorImpl: ...internalInitialize()
02-16 18:01:00.087   994  1698 E RobotCore: Marking I2C device RevColorSensorV3 USB (embedded); module 173; bus 1; addr7=0x52 as unhealthy because initialization failed
02-16 18:01:00.191   994  1698 I I2C     : Automatically initializing I2C device RevColorSensorV3 USB (embedded); module 173; bus 1; addr7=0x52
02-16 18:01:00.191   994  1698 V BroadcomColorSensorImpl: internalInitialize()...
02-16 18:01:00.196   994  1698 V RobotCore: addr=false data=true arb=false clock=false
02-16 18:01:00.196   994  1698 E BroadcomColorSensor: readStatusQuery: cbExpected=1 cbRead=0
02-16 18:01:00.196   994  1698 E BroadcomColorSensorImpl: unexpected Broadcom color sensor chipid: found=0 expected=-62
02-16 18:01:00.196   994  1698 V BroadcomColorSensorImpl: ...internalInitialize()
02-16 18:01:00.196   994  1698 E RobotCore: Marking I2C device RevColorSensorV3 USB (embedded); module 173; bus 1; addr7=0x52 as unhealthy because initialization failed
02-16 18:01:00.306   994  1698 I I2C     : Automatically initializing I2C device RevColorSensorV3 USB (embedded); module 173; bus 1; addr7=0x52
02-16 18:01:00.306   994  1698 V BroadcomColorSensorImpl: internalInitialize()...
02-16 18:01:00.310   994  1698 V RobotCore: addr=false data=true arb=false clock=false
02-16 18:01:00.310   994  1698 E BroadcomColorSensor: readStatusQuery: cbExpected=1 cbRead=0
02-16 18:01:00.311   994  1698 E BroadcomColorSensorImpl: unexpected Broadcom color sensor chipid: found=0 expected=-62
02-16 18:01:00.311   994  1698 V BroadcomColorSensorImpl: ...internalInitialize()
02-16 18:01:00.311   994  1698 E RobotCore: Marking I2C device RevColorSensorV3 USB (embedded); module 173; bus 1; addr7=0x52 as unhealthy because initialization failed
02-16 18:01:00.416   994  1698 I I2C     : Automatically initializing I2C device RevColorSensorV3 USB (embedded); module 173; bus 1; addr7=0x52
02-16 18:01:00.416   994  1698 V BroadcomColorSensorImpl: internalInitialize()...
02-16 18:01:00.419   994  1698 V RobotCore: addr=false data=true arb=false clock=false
02-16 18:01:00.419   994  1698 E BroadcomColorSensor: readStatusQuery: cbExpected=1 cbRead=0
02-16 18:01:00.419   994  1698 E BroadcomColorSensorImpl: unexpected Broadcom color sensor chipid: found=0 expected=-62
02-16 18:01:00.419   994  1698 V BroadcomColorSensorImpl: ...internalInitialize()
02-16 18:01:00.420   994  1698 E RobotCore: Marking I2C device RevColorSensorV3 USB (embedded); module 173; bus 1; addr7=0x52 as unhealthy because initialization failed
02-16 18:01:00.528   994  1698 I I2C     : Automatically initializing I2C device RevColorSensorV3 USB (embedded); module 173; bus 1; addr7=0x52
02-16 18:01:00.528   994  1698 V BroadcomColorSensorImpl: internalInitialize()...
02-16 18:01:00.532   994  1698 V RobotCore: addr=false data=true arb=false clock=false
02-16 18:01:00.532   994  1698 E BroadcomColorSensor: readStatusQuery: cbExpected=1 cbRead=0
02-16 18:01:00.532   994  1698 E BroadcomColorSensorImpl: unexpected Broadcom color sensor chipid: found=0 expected=-62
02-16 18:01:00.532   994  1698 V BroadcomColorSensorImpl: ...internalInitialize()
02-16 18:01:00.533   994  1698 E RobotCore: Marking I2C device RevColorSensorV3 USB (embedded); module 173; bus 1; addr7=0x52 as unhealthy because initialization failed
02-16 18:01:00.639   994  1698 I I2C     : Automatically initializing I2C device RevColorSensorV3 USB (embedded); module 173; bus 1; addr7=0x52
02-16 18:01:00.640   994  1698 V BroadcomColorSensorImpl: internalInitialize()...
02-16 18:01:00.644   994  1698 V RobotCore: addr=false data=true arb=false clock=false
02-16 18:01:00.644   994  1698 E BroadcomColorSensor: readStatusQuery: cbExpected=1 cbRead=0
02-16 18:01:00.645   994  1698 E BroadcomColorSensorImpl: unexpected Broadcom color sensor chipid: found=0 expected=-62
02-16 18:01:00.645   994  1698 V BroadcomColorSensorImpl: ...internalInitialize()
02-16 18:01:00.645   994  1698 E RobotCore: Marking I2C device RevColorSensorV3 USB (embedded); module 173; bus 1; addr7=0x52 as unhealthy because initialization failed
02-16 18:01:00.748   994  1698 I I2C     : Automatically initializing I2C device RevColorSensorV3 USB (embedded); module 173; bus 1; addr7=0x52
02-16 18:01:00.748   994  1698 V BroadcomColorSensorImpl: internalInitialize()...
02-16 18:01:00.752   994  1698 V RobotCore: addr=false data=true arb=false clock=false
02-16 18:01:00.752   994  1698 E BroadcomColorSensor: readStatusQuery: cbExpected=1 cbRead=0
02-16 18:01:00.753   994  1698 E BroadcomColorSensorImpl: unexpected Broadcom color sensor chipid: found=0 expected=-62
02-16 18:01:00.753   994  1698 V BroadcomColorSensorImpl: ...internalInitialize()
02-16 18:01:00.753   994  1698 E RobotCore: Marking I2C device RevColorSensorV3 USB (embedded); module 173; bus 1; addr7=0x52 as unhealthy because initialization failed
02-16 18:01:00.861   994  1698 I I2C     : Automatically initializing I2C device RevColorSensorV3 USB (embedded); module 173; bus 1; addr7=0x52
02-16 18:01:00.861   994  1698 V BroadcomColorSensorImpl: internalInitialize()...
02-16 18:01:00.864   994  1698 V RobotCore: addr=false data=true arb=false clock=false
02-16 18:01:00.865   994  1698 E BroadcomColorSensor: readStatusQuery: cbExpected=1 cbRead=0
02-16 18:01:00.865   994  1698 E BroadcomColorSensorImpl: unexpected Broadcom color sensor chipid: found=0 expected=-62
02-16 18:01:00.865   994  1698 V BroadcomColorSensorImpl: ...internalInitialize()
02-16 18:01:00.866   994  1698 E RobotCore: Marking I2C device RevColorSensorV3 USB (embedded); module 173; bus 1; addr7=0x52 as unhealthy because initialization failed
02-16 18:01:00.969   994  1698 I I2C     : Automatically initializing I2C device RevColorSensorV3 USB (embedded); module 173; bus 1; addr7=0x52
02-16 18:01:00.969   994  1698 V BroadcomColorSensorImpl: internalInitialize()...
02-16 18:01:00.973   994  1698 V RobotCore: addr=false data=true arb=false clock=false
02-16 18:01:00.973   994  1698 E BroadcomColorSensor: readStatusQuery: cbExpected=1 cbRead=0
02-16 18:01:00.973   994  1698 E BroadcomColorSensorImpl: unexpected Broadcom color sensor chipid: found=0 expected=-62
02-16 18:01:00.973   994  1698 V BroadcomColorSensorImpl: ...internalInitialize()
02-16 18:01:00.973   994  1698 E RobotCore: Marking I2C device RevColorSensorV3 USB (embedded); module 173; bus 1; addr7=0x52 as unhealthy because initialization failed
02-16 18:01:01.079   994  1698 I I2C     : Automatically initializing I2C device RevColorSensorV3 USB (embedded); module 173; bus 1; addr7=0x52
02-16 18:01:01.079   994  1698 V BroadcomColorSensorImpl: internalInitialize()...
02-16 18:01:01.083   994  1698 V RobotCore: addr=false data=true arb=false clock=false
02-16 18:01:01.083   994  1698 E BroadcomColorSensor: readStatusQuery: cbExpected=1 cbRead=0
02-16 18:01:01.083   994  1698 E BroadcomColorSensorImpl: unexpected Broadcom color sensor chipid: found=0 expected=-62
02-16 18:01:01.083   994  1698 V BroadcomColorSensorImpl: ...internalInitialize()
02-16 18:01:01.084   994  1698 E RobotCore: Marking I2C device RevColorSensorV3 USB (embedded); module 173; bus 1; addr7=0x52 as unhealthy because initialization failed
02-16 18:01:01.188   994  1698 I I2C     : Automatically initializing I2C device RevColorSensorV3 USB (embedded); module 173; bus 1; addr7=0x52
02-16 18:01:01.188   994  1698 V BroadcomColorSensorImpl: internalInitialize()...
02-16 18:01:01.192   994  1698 V RobotCore: addr=false data=true arb=false clock=false
02-16 18:01:01.192   994  1698 E BroadcomColorSensor: readStatusQuery: cbExpected=1 cbRead=0
02-16 18:01:01.193   994  1698 E BroadcomColorSensorImpl: unexpected Broadcom color sensor chipid: found=0 expected=-62
02-16 18:01:01.193   994  1698 V BroadcomColorSensorImpl: ...internalInitialize()
02-16 18:01:01.194   994  1698 E RobotCore: Marking I2C device RevColorSensorV3 USB (embedded); module 173; bus 1; addr7=0x52 as unhealthy because initialization failed
02-16 18:01:01.300   994  1698 I I2C     : Automatically initializing I2C device RevColorSensorV3 USB (embedded); module 173; bus 1; addr7=0x52
02-16 18:01:01.300   994  1698 V BroadcomColorSensorImpl: internalInitialize()...
02-16 18:01:01.303   994  1698 V RobotCore: addr=false data=true arb=false clock=false
02-16 18:01:01.303   994  1698 E BroadcomColorSensor: readStatusQuery: cbExpected=1 cbRead=0
02-16 18:01:01.304   994  1698 E BroadcomColorSensorImpl: unexpected Broadcom color sensor chipid: found=0 expected=-62
02-16 18:01:01.304   994  1698 V BroadcomColorSensorImpl: ...internalInitialize()
02-16 18:01:01.304   994  1698 E RobotCore: Marking I2C device RevColorSensorV3 USB (embedded); module 173; bus 1; addr7=0x52 as unhealthy because initialization failed
02-16 18:01:01.411   994  1698 I I2C     : Automatically initializing I2C device RevColorSensorV3 USB (embedded); module 173; bus 1; addr7=0x52
02-16 18:01:01.411   994  1698 V BroadcomColorSensorImpl: internalInitialize()...
02-16 18:01:01.414   994  1698 V RobotCore: addr=false data=true arb=false clock=false
02-16 18:01:01.414   994  1698 E BroadcomColorSensor: readStatusQuery: cbExpected=1 cbRead=0
02-16 18:01:01.414   994  1698 E BroadcomColorSensorImpl: unexpected Broadcom color sensor chipid: found=0 expected=-62
02-16 18:01:01.414   994  1698 V BroadcomColorSensorImpl: ...internalInitialize()
02-16 18:01:01.415   994  1698 E RobotCore: Marking I2C device RevColorSensorV3 USB (embedded); module 173; bus 1; addr7=0x52 as unhealthy because initialization failed
02-16 18:01:01.492   994  1973 V SessionCookie: added SessionCookie: cookie=92fdd21d-bd28-445e-9161-957d0ad5f266 uri='/js/rcInfo.json'
02-16 18:01:01.492   994  1973 I RobotCore: alanevan123
02-16 18:01:01.507   994  1974 V SessionCookie: added SessionCookie: cookie=9d913750-a5a5-4d03-a8ca-e8f80d27dbff uri='/revHubsAvailableForUpdate'
02-16 18:01:01.508   994  1974 V Robocol : locally injecting CMD_GET_USB_ACCESSIBLE_LYNX_MODULES
02-16 18:01:01.513   994  1975 V FtcEventLoop: getUSBAccessibleLynxDevices(includeModuleAddresses=true)...
02-16 18:01:01.515   994  1976 V FtcConfigTag: scanning USB bus...
02-16 18:01:01.517   994  1976 V FtDeviceManager: createDeviceInfoList(): 0 USB devices
02-16 18:01:01.517   994  1976 V USBScan : device count=1
02-16 18:01:01.519   994  1977 V USBScan : opening (embedded)...
02-16 18:01:01.519   994  1977 V RobotUsbManagerCombining: FTDI driver failed to open USB device with serial number (embedded) (returned null device)
02-16 18:01:01.519   994  1977 V RobotUsbManagerCombining: (embedded) is already open: unable to open second time
02-16 18:01:01.520   994  1977 V USBScan : RobotCoreException(Unable to open USB device (embedded): Combiner unable to open device with serialNumber = (embedded)) exception while opening (embedded)
02-16 18:01:01.520   994  1977 V USBScan : ... done opening (embedded)
02-16 18:01:01.520   994  1698 I I2C     : Automatically initializing I2C device RevColorSensorV3 USB (embedded); module 173; bus 1; addr7=0x52
02-16 18:01:01.520   994  1698 V BroadcomColorSensorImpl: internalInitialize()...
02-16 18:01:01.520   994  1976 V USBScan : added extant device (embedded) type=LYNX_USB_DEVICE
02-16 18:01:01.523   994  1976 D UvcContext: usb device is *not* UVC compatible, /dev/bus/usb/003/003
02-16 18:01:01.523   994  1976 V USBScan : scanForUsbDevices() took 7ms count=1
02-16 18:01:01.523   994  1976 V FtcConfigTag: .. scanning complete: [(embedded)]
02-16 18:01:01.523   994  1975 V FtcEventLoop: getUSBAccessibleLynxDevices: found serial=(embedded)
02-16 18:01:01.523   994  1698 V RobotCore: addr=false data=true arb=false clock=false
02-16 18:01:01.524   994  1975 V FtcEventLoop: finding module addresses and current firmware versions
02-16 18:01:01.524   994  1698 E BroadcomColorSensor: readStatusQuery: cbExpected=1 cbRead=0
02-16 18:01:01.524   994  1975 V FtcEventLoop: getUSBAccessibleLynxDevices: finding module address for usbModule (embedded)
02-16 18:01:01.524   994  1698 E BroadcomColorSensorImpl: unexpected Broadcom color sensor chipid: found=0 expected=-62
02-16 18:01:01.524   994  1698 V BroadcomColorSensorImpl: ...internalInitialize()
02-16 18:01:01.524   994  1975 V RobotCore: Creating REV Robotics USB Expansion Hub Portal [(embedded)]
02-16 18:01:01.524   994  1698 E RobotCore: Marking I2C device RevColorSensorV3 USB (embedded); module 173; bus 1; addr7=0x52 as unhealthy because initialization failed
02-16 18:01:01.524   994  1975 V LynxUsb : using existing [(embedded)]: 0x035d7c74
02-16 18:01:01.524   994  1975 V LynxUsb : 0x0749a292 on 0x035d7c74: new delegate to [(embedded)]
02-16 18:01:01.524   994  1975 V LynxUsb : lynx discovery beginning...transmitting LynxDiscoveryCommand()...
02-16 18:01:01.527   994  1975 V LynxUsb : discovery waiting 1012ms and 0ns
02-16 18:01:01.527   994  1691 V LynxUsb : onLynxDiscoveryResponseReceived()... module#=173 isParent=true
02-16 18:01:01.527   994  1691 V LynxUsb : discovered lynx module#=173 isParent=true
02-16 18:01:01.527   994  1691 V LynxUsb : ...onLynxDiscoveryResponseReceived()
02-16 18:01:01.633   994  1698 I I2C     : Automatically initializing I2C device RevColorSensorV3 USB (embedded); module 173; bus 1; addr7=0x52
02-16 18:01:01.634   994  1698 V BroadcomColorSensorImpl: internalInitialize()...
02-16 18:01:01.642   994  1698 V RobotCore: addr=false data=true arb=false clock=false
02-16 18:01:01.642   994  1698 E BroadcomColorSensor: readStatusQuery: cbExpected=1 cbRead=0
02-16 18:01:01.642   994  1698 E BroadcomColorSensorImpl: unexpected Broadcom color sensor chipid: found=0 expected=-62
02-16 18:01:01.642   994  1698 V BroadcomColorSensorImpl: ...internalInitialize()
02-16 18:01:01.643   994  1698 E RobotCore: Marking I2C device RevColorSensorV3 USB (embedded); module 173; bus 1; addr7=0x52 as unhealthy because initialization failed
02-16 18:01:01.749   994  1698 I I2C     : Automatically initializing I2C device RevColorSensorV3 USB (embedded); module 173; bus 1; addr7=0x52
02-16 18:01:01.749   994  1698 V BroadcomColorSensorImpl: internalInitialize()...
02-16 18:01:01.755   994  1698 V RobotCore: addr=false data=true arb=false clock=false
02-16 18:01:01.756   994  1698 E BroadcomColorSensor: readStatusQuery: cbExpected=1 cbRead=0
02-16 18:01:01.756   994  1698 E BroadcomColorSensorImpl: unexpected Broadcom color sensor chipid: found=0 expected=-62
02-16 18:01:01.756   994  1698 V BroadcomColorSensorImpl: ...internalInitialize()
02-16 18:01:01.756   994  1698 E RobotCore: Marking I2C device RevColorSensorV3 USB (embedded); module 173; bus 1; addr7=0x52 as unhealthy because initialization failed
02-16 18:01:01.863   994  1698 I I2C     : Automatically initializing I2C device RevColorSensorV3 USB (embedded); module 173; bus 1; addr7=0x52
02-16 18:01:01.863   994  1698 V BroadcomColorSensorImpl: internalInitialize()...
02-16 18:01:01.869   994  1698 V RobotCore: addr=false data=true arb=false clock=false
02-16 18:01:01.870   994  1698 E BroadcomColorSensor: readStatusQuery: cbExpected=1 cbRead=0
02-16 18:01:01.870   994  1698 E BroadcomColorSensorImpl: unexpected Broadcom color sensor chipid: found=0 expected=-62
02-16 18:01:01.870   994  1698 V BroadcomColorSensorImpl: ...internalInitialize()
02-16 18:01:01.870   994  1698 E RobotCore: Marking I2C device RevColorSensorV3 USB (embedded); module 173; bus 1; addr7=0x52 as unhealthy because initialization failed
02-16 18:01:01.974   994  1698 I I2C     : Automatically initializing I2C device RevColorSensorV3 USB (embedded); module 173; bus 1; addr7=0x52
02-16 18:01:01.974   994  1698 V BroadcomColorSensorImpl: internalInitialize()...
02-16 18:01:01.980   994  1698 V RobotCore: addr=false data=true arb=false clock=false
02-16 18:01:01.980   994  1698 E BroadcomColorSensor: readStatusQuery: cbExpected=1 cbRead=0
02-16 18:01:01.981   994  1698 E BroadcomColorSensorImpl: unexpected Broadcom color sensor chipid: found=0 expected=-62
02-16 18:01:01.981   994  1698 V BroadcomColorSensorImpl: ...internalInitialize()
02-16 18:01:01.981   994  1698 E RobotCore: Marking I2C device RevColorSensorV3 USB (embedded); module 173; bus 1; addr7=0x52 as unhealthy because initialization failed
02-16 18:01:02.089   994  1698 I I2C     : Automatically initializing I2C device RevColorSensorV3 USB (embedded); module 173; bus 1; addr7=0x52
02-16 18:01:02.090   994  1698 V BroadcomColorSensorImpl: internalInitialize()...
02-16 18:01:02.099   994  1698 V RobotCore: addr=false data=true arb=false clock=false
02-16 18:01:02.099   994  1698 E BroadcomColorSensor: readStatusQuery: cbExpected=1 cbRead=0
02-16 18:01:02.099   994  1698 E BroadcomColorSensorImpl: unexpected Broadcom color sensor chipid: found=0 expected=-62
02-16 18:01:02.099   994  1698 V BroadcomColorSensorImpl: ...internalInitialize()
02-16 18:01:02.100   994  1698 E RobotCore: Marking I2C device RevColorSensorV3 USB (embedded); module 173; bus 1; addr7=0x52 as unhealthy because initialization failed
02-16 18:01:02.204   994  1698 I I2C     : Automatically initializing I2C device RevColorSensorV3 USB (embedded); module 173; bus 1; addr7=0x52
02-16 18:01:02.204   994  1698 V BroadcomColorSensorImpl: internalInitialize()...
02-16 18:01:02.213   994  1698 V RobotCore: addr=false data=true arb=false clock=false
02-16 18:01:02.214   994  1698 E BroadcomColorSensor: readStatusQuery: cbExpected=1 cbRead=0
02-16 18:01:02.214   994  1698 E BroadcomColorSensorImpl: unexpected Broadcom color sensor chipid: found=0 expected=-62
02-16 18:01:02.214   994  1698 V BroadcomColorSensorImpl: ...internalInitialize()
02-16 18:01:02.215   994  1698 E RobotCore: Marking I2C device RevColorSensorV3 USB (embedded); module 173; bus 1; addr7=0x52 as unhealthy because initialization failed
02-16 18:01:02.326   994  1698 I I2C     : Automatically initializing I2C device RevColorSensorV3 USB (embedded); module 173; bus 1; addr7=0x52
02-16 18:01:02.326   994  1698 V BroadcomColorSensorImpl: internalInitialize()...
02-16 18:01:02.329   994  1698 V RobotCore: addr=false data=true arb=false clock=false
02-16 18:01:02.329   994  1698 E BroadcomColorSensor: readStatusQuery: cbExpected=1 cbRead=0
02-16 18:01:02.330   994  1698 E BroadcomColorSensorImpl: unexpected Broadcom color sensor chipid: found=0 expected=-62
02-16 18:01:02.330   994  1698 V BroadcomColorSensorImpl: ...internalInitialize()
02-16 18:01:02.330   994  1698 E RobotCore: Marking I2C device RevColorSensorV3 USB (embedded); module 173; bus 1; addr7=0x52 as unhealthy because initialization failed
02-16 18:01:02.433   994  1698 I I2C     : Automatically initializing I2C device RevColorSensorV3 USB (embedded); module 173; bus 1; addr7=0x52
02-16 18:01:02.433   994  1698 V BroadcomColorSensorImpl: internalInitialize()...
02-16 18:01:02.438   994  1698 V RobotCore: addr=false data=true arb=false clock=false
02-16 18:01:02.438   994  1698 E BroadcomColorSensor: readStatusQuery: cbExpected=1 cbRead=0
02-16 18:01:02.438   994  1698 E BroadcomColorSensorImpl: unexpected Broadcom color sensor chipid: found=0 expected=-62
