02-16 18:01:02.438   994  1698 V BroadcomColorSensorImpl: ...internalInitialize()
02-16 18:01:02.439   994  1698 E RobotCore: Marking I2C device RevColorSensorV3 USB (embedded); module 173; bus 1; addr7=0x52 as unhealthy because initialization failed
02-16 18:01:02.539   994  1975 V LynxUsb : discovery waiting complete: #modules=1
02-16 18:01:02.540   994  1975 V LynxModule: close(#0)
02-16 18:01:02.542   994  1975 V LynxUsb : ...lynx discovery completed
02-16 18:01:02.542   994  1975 V FtcEventLoop: assessing LynxModuleMeta(#173,true,ImuType.UNKNOWN)
02-16 18:01:02.543   994  1698 I I2C     : Automatically initializing I2C device RevColorSensorV3 USB (embedded); module 173; bus 1; addr7=0x52
02-16 18:01:02.543   994  1698 V BroadcomColorSensorImpl: internalInitialize()...
02-16 18:01:02.545   994  1975 V LynxUsb : addConfiguredModule() module#=173
02-16 18:01:02.545   994  1975 V LynxUsb : addConfiguredModule() module#=173: already exists
02-16 18:01:02.550   994  1975 V LynxUsb : 0x0749a292 on 0x035d7c74: releasing delegate to [(embedded)]
02-16 18:01:02.550   994  1975 V FtcEventLoop: getUSBAccessibleLynxDevices(): 1 modules found
02-16 18:01:02.550   994  1698 V RobotCore: addr=false data=true arb=false clock=false
02-16 18:01:02.550   994  1975 V FtcEventLoop: ...getUSBAccessibleLynxDevices()
02-16 18:01:02.551   994  1698 E BroadcomColorSensor: readStatusQuery: cbExpected=1 cbRead=0
02-16 18:01:02.551   994  1698 E BroadcomColorSensorImpl: unexpected Broadcom color sensor chipid: found=0 expected=-62
02-16 18:01:02.551   994  1698 V BroadcomColorSensorImpl: ...internalInitialize()
02-16 18:01:02.552   994  1698 E RobotCore: Marking I2C device RevColorSensorV3 USB (embedded); module 173; bus 1; addr7=0x52 as unhealthy because initialization failed
02-16 18:01:02.554   994  1975 V Robocol : locally injecting CMD_GET_USB_ACCESSIBLE_LYNX_MODULES_RESP
02-16 18:01:02.658   994  1698 I I2C     : Automatically initializing I2C device RevColorSensorV3 USB (embedded); module 173; bus 1; addr7=0x52
02-16 18:01:02.658   994  1698 V BroadcomColorSensorImpl: internalInitialize()...
02-16 18:01:02.662   994  1698 V RobotCore: addr=false data=true arb=false clock=false
02-16 18:01:02.662   994  1698 E BroadcomColorSensor: readStatusQuery: cbExpected=1 cbRead=0
02-16 18:01:02.662   994  1698 E BroadcomColorSensorImpl: unexpected Broadcom color sensor chipid: found=0 expected=-62
02-16 18:01:02.662   994  1698 V BroadcomColorSensorImpl: ...internalInitialize()
02-16 18:01:02.662   994  1698 E RobotCore: Marking I2C device RevColorSensorV3 USB (embedded); module 173; bus 1; addr7=0x52 as unhealthy because initialization failed
02-16 18:01:02.770   994  1698 I I2C     : Automatically initializing I2C device RevColorSensorV3 USB (embedded); module 173; bus 1; addr7=0x52
02-16 18:01:02.770   994  1698 V BroadcomColorSensorImpl: internalInitialize()...
02-16 18:01:02.774   994  1698 V RobotCore: addr=false data=true arb=false clock=false
02-16 18:01:02.774   994  1698 E BroadcomColorSensor: readStatusQuery: cbExpected=1 cbRead=0
02-16 18:01:02.774   994  1698 E BroadcomColorSensorImpl: unexpected Broadcom color sensor chipid: found=0 expected=-62
02-16 18:01:02.774   994  1698 V BroadcomColorSensorImpl: ...internalInitialize()
02-16 18:01:02.774   994  1698 E RobotCore: Marking I2C device RevColorSensorV3 USB (embedded); module 173; bus 1; addr7=0x52 as unhealthy because initialization failed
02-16 18:01:02.879   994  1698 I I2C     : Automatically initializing I2C device RevColorSensorV3 USB (embedded); module 173; bus 1; addr7=0x52
02-16 18:01:02.879   994  1698 V BroadcomColorSensorImpl: internalInitialize()...
02-16 18:01:02.883   994  1698 V RobotCore: addr=false data=true arb=false clock=false
02-16 18:01:02.883   994  1698 E BroadcomColorSensor: readStatusQuery: cbExpected=1 cbRead=0
02-16 18:01:02.883   994  1698 E BroadcomColorSensorImpl: unexpected Broadcom color sensor chipid: found=0 expected=-62
02-16 18:01:02.883   994  1698 V BroadcomColorSensorImpl: ...internalInitialize()
02-16 18:01:02.883   994  1698 E RobotCore: Marking I2C device RevColorSensorV3 USB (embedded); module 173; bus 1; addr7=0x52 as unhealthy because initialization failed
02-16 18:01:02.989   994  1698 I I2C     : Automatically initializing I2C device RevColorSensorV3 USB (embedded); module 173; bus 1; addr7=0x52
02-16 18:01:02.989   994  1698 V BroadcomColorSensorImpl: internalInitialize()...
02-16 18:01:02.992   994  1698 V RobotCore: addr=false data=true arb=false clock=false
02-16 18:01:02.993   994  1698 E BroadcomColorSensor: readStatusQuery: cbExpected=1 cbRead=0
02-16 18:01:02.993   994  1698 E BroadcomColorSensorImpl: unexpected Broadcom color sensor chipid: found=0 expected=-62
02-16 18:01:02.993   994  1698 V BroadcomColorSensorImpl: ...internalInitialize()
02-16 18:01:02.993   994  1698 E RobotCore: Marking I2C device RevColorSensorV3 USB (embedded); module 173; bus 1; addr7=0x52 as unhealthy because initialization failed
02-16 18:01:03.101   994  1698 I I2C     : Automatically initializing I2C device RevColorSensorV3 USB (embedded); module 173; bus 1; addr7=0x52
02-16 18:01:03.101   994  1698 V BroadcomColorSensorImpl: internalInitialize()...
02-16 18:01:03.104   994  1698 V RobotCore: addr=false data=true arb=false clock=false
02-16 18:01:03.105   994  1698 E BroadcomColorSensor: readStatusQuery: cbExpected=1 cbRead=0
02-16 18:01:03.105   994  1698 E BroadcomColorSensorImpl: unexpected Broadcom color sensor chipid: found=0 expected=-62
02-16 18:01:03.105   994  1698 V BroadcomColorSensorImpl: ...internalInitialize()
02-16 18:01:03.105   994  1698 E RobotCore: Marking I2C device RevColorSensorV3 USB (embedded); module 173; bus 1; addr7=0x52 as unhealthy because initialization failed
02-16 18:01:03.212   994  1698 I I2C     : Automatically initializing I2C device RevColorSensorV3 USB (embedded); module 173; bus 1; addr7=0x52
02-16 18:01:03.212   994  1698 V BroadcomColorSensorImpl: internalInitialize()...
02-16 18:01:03.218   994  1698 V RobotCore: addr=false data=true arb=false clock=false
02-16 18:01:03.219   994  1698 E BroadcomColorSensor: readStatusQuery: cbExpected=1 cbRead=0
02-16 18:01:03.219   994  1698 E BroadcomColorSensorImpl: unexpected Broadcom color sensor chipid: found=0 expected=-62
02-16 18:01:03.219   994  1698 V BroadcomColorSensorImpl: ...internalInitialize()
02-16 18:01:03.219   994  1698 E RobotCore: Marking I2C device RevColorSensorV3 USB (embedded); module 173; bus 1; addr7=0x52 as unhealthy because initialization failed
02-16 18:01:03.329   994  1698 I I2C     : Automatically initializing I2C device RevColorSensorV3 USB (embedded); module 173; bus 1; addr7=0x52
02-16 18:01:03.329   994  1698 V BroadcomColorSensorImpl: internalInitialize()...
02-16 18:01:03.333   994  1698 V RobotCore: addr=false data=true arb=false clock=false
02-16 18:01:03.333   994  1698 E BroadcomColorSensor: readStatusQuery: cbExpected=1 cbRead=0
02-16 18:01:03.334   994  1698 E BroadcomColorSensorImpl: unexpected Broadcom color sensor chipid: found=0 expected=-62
02-16 18:01:03.334   994  1698 V BroadcomColorSensorImpl: ...internalInitialize()
02-16 18:01:03.334   994  1698 E RobotCore: Marking I2C device RevColorSensorV3 USB (embedded); module 173; bus 1; addr7=0x52 as unhealthy because initialization failed
02-16 18:01:03.438   994  1698 I I2C     : Automatically initializing I2C device RevColorSensorV3 USB (embedded); module 173; bus 1; addr7=0x52
02-16 18:01:03.438   994  1698 V BroadcomColorSensorImpl: internalInitialize()...
02-16 18:01:03.442   994  1698 V RobotCore: addr=false data=true arb=false clock=false
02-16 18:01:03.443   994  1698 E BroadcomColorSensor: readStatusQuery: cbExpected=1 cbRead=0
02-16 18:01:03.443   994  1698 E BroadcomColorSensorImpl: unexpected Broadcom color sensor chipid: found=0 expected=-62
02-16 18:01:03.443   994  1698 V BroadcomColorSensorImpl: ...internalInitialize()
02-16 18:01:03.443   994  1698 E RobotCore: Marking I2C device RevColorSensorV3 USB (embedded); module 173; bus 1; addr7=0x52 as unhealthy because initialization failed
02-16 18:01:03.549   994  1698 I I2C     : Automatically initializing I2C device RevColorSensorV3 USB (embedded); module 173; bus 1; addr7=0x52
02-16 18:01:03.549   994  1698 V BroadcomColorSensorImpl: internalInitialize()...
02-16 18:01:03.553   994  1698 V RobotCore: addr=false data=true arb=false clock=false
02-16 18:01:03.553   994  1698 E BroadcomColorSensor: readStatusQuery: cbExpected=1 cbRead=0
02-16 18:01:03.553   994  1698 E BroadcomColorSensorImpl: unexpected Broadcom color sensor chipid: found=0 expected=-62
02-16 18:01:03.553   994  1698 V BroadcomColorSensorImpl: ...internalInitialize()
02-16 18:01:03.553   994  1698 E RobotCore: Marking I2C device RevColorSensorV3 USB (embedded); module 173; bus 1; addr7=0x52 as unhealthy because initialization failed
02-16 18:01:03.658   994  1698 I I2C     : Automatically initializing I2C device RevColorSensorV3 USB (embedded); module 173; bus 1; addr7=0x52
02-16 18:01:03.658   994  1698 V BroadcomColorSensorImpl: internalInitialize()...
02-16 18:01:03.662   994  1698 V RobotCore: addr=false data=true arb=false clock=false
02-16 18:01:03.663   994  1698 E BroadcomColorSensor: readStatusQuery: cbExpected=1 cbRead=0
02-16 18:01:03.663   994  1698 E BroadcomColorSensorImpl: unexpected Broadcom color sensor chipid: found=0 expected=-62
02-16 18:01:03.663   994  1698 V BroadcomColorSensorImpl: ...internalInitialize()
02-16 18:01:03.663   994  1698 E RobotCore: Marking I2C device RevColorSensorV3 USB (embedded); module 173; bus 1; addr7=0x52 as unhealthy because initialization failed
02-16 18:01:03.768   994  1698 I I2C     : Automatically initializing I2C device RevColorSensorV3 USB (embedded); module 173; bus 1; addr7=0x52
02-16 18:01:03.768   994  1698 V BroadcomColorSensorImpl: internalInitialize()...
02-16 18:01:03.772   994  1698 V RobotCore: addr=false data=true arb=false clock=false
02-16 18:01:03.772   994  1698 E BroadcomColorSensor: readStatusQuery: cbExpected=1 cbRead=0
02-16 18:01:03.772   994  1698 E BroadcomColorSensorImpl: unexpected Broadcom color sensor chipid: found=0 expected=-62
02-16 18:01:03.772   994  1698 V BroadcomColorSensorImpl: ...internalInitialize()
02-16 18:01:03.773   994  1698 E RobotCore: Marking I2C device RevColorSensorV3 USB (embedded); module 173; bus 1; addr7=0x52 as unhealthy because initialization failed
02-16 18:01:03.880   994  1698 I I2C     : Automatically initializing I2C device RevColorSensorV3 USB (embedded); module 173; bus 1; addr7=0x52
02-16 18:01:03.880   994  1698 V BroadcomColorSensorImpl: internalInitialize()...
02-16 18:01:03.885   994  1698 V RobotCore: addr=false data=true arb=false clock=false
02-16 18:01:03.885   994  1698 E BroadcomColorSensor: readStatusQuery: cbExpected=1 cbRead=0
02-16 18:01:03.885   994  1698 E BroadcomColorSensorImpl: unexpected Broadcom color sensor chipid: found=0 expected=-62
02-16 18:01:03.885   994  1698 V BroadcomColorSensorImpl: ...internalInitialize()
02-16 18:01:03.886   994  1698 E RobotCore: Marking I2C device RevColorSensorV3 USB (embedded); module 173; bus 1; addr7=0x52 as unhealthy because initialization failed
02-16 18:01:03.993   994  1698 I I2C     : Automatically initializing I2C device RevColorSensorV3 USB (embedded); module 173; bus 1; addr7=0x52
02-16 18:01:03.993   994  1698 V BroadcomColorSensorImpl: internalInitialize()...
02-16 18:01:03.996   994  1698 V RobotCore: addr=false data=true arb=false clock=false
02-16 18:01:03.996   994  1698 E BroadcomColorSensor: readStatusQuery: cbExpected=1 cbRead=0
02-16 18:01:03.996   994  1698 E BroadcomColorSensorImpl: unexpected Broadcom color sensor chipid: found=0 expected=-62
02-16 18:01:03.996   994  1698 V BroadcomColorSensorImpl: ...internalInitialize()
02-16 18:01:03.997   994  1698 E RobotCore: Marking I2C device RevColorSensorV3 USB (embedded); module 173; bus 1; addr7=0x52 as unhealthy because initialization failed
02-16 18:01:04.100   994  1698 I I2C     : Automatically initializing I2C device RevColorSensorV3 USB (embedded); module 173; bus 1; addr7=0x52
02-16 18:01:04.100   994  1698 V BroadcomColorSensorImpl: internalInitialize()...
02-16 18:01:04.103   994  1698 V RobotCore: addr=false data=true arb=false clock=false
02-16 18:01:04.103   994  1698 E BroadcomColorSensor: readStatusQuery: cbExpected=1 cbRead=0
02-16 18:01:04.103   994  1698 E BroadcomColorSensorImpl: unexpected Broadcom color sensor chipid: found=0 expected=-62
02-16 18:01:04.103   994  1698 V BroadcomColorSensorImpl: ...internalInitialize()
02-16 18:01:04.103   994  1698 E RobotCore: Marking I2C device RevColorSensorV3 USB (embedded); module 173; bus 1; addr7=0x52 as unhealthy because initialization failed
02-16 18:01:04.208   994  1698 I I2C     : Automatically initializing I2C device RevColorSensorV3 USB (embedded); module 173; bus 1; addr7=0x52
02-16 18:01:04.208   994  1698 V BroadcomColorSensorImpl: internalInitialize()...
02-16 18:01:04.211   994  1698 V RobotCore: addr=false data=true arb=false clock=false
02-16 18:01:04.211   994  1698 E BroadcomColorSensor: readStatusQuery: cbExpected=1 cbRead=0
02-16 18:01:04.211   994  1698 E BroadcomColorSensorImpl: unexpected Broadcom color sensor chipid: found=0 expected=-62
02-16 18:01:04.211   994  1698 V BroadcomColorSensorImpl: ...internalInitialize()
02-16 18:01:04.212   994  1698 E RobotCore: Marking I2C device RevColorSensorV3 USB (embedded); module 173; bus 1; addr7=0x52 as unhealthy because initialization failed
02-16 18:01:04.319   994  1698 I I2C     : Automatically initializing I2C device RevColorSensorV3 USB (embedded); module 173; bus 1; addr7=0x52
02-16 18:01:04.319   994  1698 V BroadcomColorSensorImpl: internalInitialize()...
02-16 18:01:04.322   994  1698 V RobotCore: addr=false data=true arb=false clock=false
02-16 18:01:04.323   994  1698 E BroadcomColorSensor: readStatusQuery: cbExpected=1 cbRead=0
02-16 18:01:04.323   994  1698 E BroadcomColorSensorImpl: unexpected Broadcom color sensor chipid: found=0 expected=-62
02-16 18:01:04.323   994  1698 V BroadcomColorSensorImpl: ...internalInitialize()
02-16 18:01:04.323   994  1698 E RobotCore: Marking I2C device RevColorSensorV3 USB (embedded); module 173; bus 1; addr7=0x52 as unhealthy because initialization failed
02-16 18:01:04.428   994  1698 I I2C     : Automatically initializing I2C device RevColorSensorV3 USB (embedded); module 173; bus 1; addr7=0x52
02-16 18:01:04.428   994  1698 V BroadcomColorSensorImpl: internalInitialize()...
02-16 18:01:04.431   994  1698 V RobotCore: addr=false data=true arb=false clock=false
02-16 18:01:04.431   994  1698 E BroadcomColorSensor: readStatusQuery: cbExpected=1 cbRead=0
02-16 18:01:04.432   994  1698 E BroadcomColorSensorImpl: unexpected Broadcom color sensor chipid: found=0 expected=-62
02-16 18:01:04.432   994  1698 V BroadcomColorSensorImpl: ...internalInitialize()
02-16 18:01:04.432   994  1698 E RobotCore: Marking I2C device RevColorSensorV3 USB (embedded); module 173; bus 1; addr7=0x52 as unhealthy because initialization failed
02-16 18:01:04.535   994  1698 I I2C     : Automatically initializing I2C device RevColorSensorV3 USB (embedded); module 173; bus 1; addr7=0x52
02-16 18:01:04.536   994  1698 V BroadcomColorSensorImpl: internalInitialize()...
02-16 18:01:04.539   994  1698 V RobotCore: addr=false data=true arb=false clock=false
02-16 18:01:04.539   994  1698 E BroadcomColorSensor: readStatusQuery: cbExpected=1 cbRead=0
02-16 18:01:04.539   994  1698 E BroadcomColorSensorImpl: unexpected Broadcom color sensor chipid: found=0 expected=-62
02-16 18:01:04.539   994  1698 V BroadcomColorSensorImpl: ...internalInitialize()
02-16 18:01:04.540   994  1698 E RobotCore: Marking I2C device RevColorSensorV3 USB (embedded); module 173; bus 1; addr7=0x52 as unhealthy because initialization failed
02-16 18:01:04.646   994  1698 I I2C     : Automatically initializing I2C device RevColorSensorV3 USB (embedded); module 173; bus 1; addr7=0x52
02-16 18:01:04.646   994  1698 V BroadcomColorSensorImpl: internalInitialize()...
02-16 18:01:04.650   994  1698 V RobotCore: addr=false data=true arb=false clock=false
02-16 18:01:04.650   994  1698 E BroadcomColorSensor: readStatusQuery: cbExpected=1 cbRead=0
02-16 18:01:04.650   994  1698 E BroadcomColorSensorImpl: unexpected Broadcom color sensor chipid: found=0 expected=-62
02-16 18:01:04.650   994  1698 V BroadcomColorSensorImpl: ...internalInitialize()
02-16 18:01:04.651   994  1698 E RobotCore: Marking I2C device RevColorSensorV3 USB (embedded); module 173; bus 1; addr7=0x52 as unhealthy because initialization failed
02-16 18:01:04.757   994  1698 I I2C     : Automatically initializing I2C device RevColorSensorV3 USB (embedded); module 173; bus 1; addr7=0x52
02-16 18:01:04.757   994  1698 V BroadcomColorSensorImpl: internalInitialize()...
02-16 18:01:04.760   994  1698 V RobotCore: addr=false data=true arb=false clock=false
02-16 18:01:04.760   994  1698 E BroadcomColorSensor: readStatusQuery: cbExpected=1 cbRead=0
02-16 18:01:04.761   994  1698 E BroadcomColorSensorImpl: unexpected Broadcom color sensor chipid: found=0 expected=-62
02-16 18:01:04.761   994  1698 V BroadcomColorSensorImpl: ...internalInitialize()
02-16 18:01:04.761   994  1698 E RobotCore: Marking I2C device RevColorSensorV3 USB (embedded); module 173; bus 1; addr7=0x52 as unhealthy because initialization failed
02-16 18:01:04.870   994  1698 I I2C     : Automatically initializing I2C device RevColorSensorV3 USB (embedded); module 173; bus 1; addr7=0x52
02-16 18:01:04.870   994  1698 V BroadcomColorSensorImpl: internalInitialize()...
02-16 18:01:04.873   994  1698 V RobotCore: addr=false data=true arb=false clock=false
02-16 18:01:04.874   994  1698 E BroadcomColorSensor: readStatusQuery: cbExpected=1 cbRead=0
02-16 18:01:04.874   994  1698 E BroadcomColorSensorImpl: unexpected Broadcom color sensor chipid: found=0 expected=-62
02-16 18:01:04.874   994  1698 V BroadcomColorSensorImpl: ...internalInitialize()
02-16 18:01:04.875   994  1698 E RobotCore: Marking I2C device RevColorSensorV3 USB (embedded); module 173; bus 1; addr7=0x52 as unhealthy because initialization failed
02-16 18:01:04.958   994   994 V RCActivity: onPause()
02-16 18:01:04.967   994   994 I PermissionValidatorActivity: Lifecycle onCreate : d76f28e
02-16 18:01:04.979   994  1698 I I2C     : Automatically initializing I2C device RevColorSensorV3 USB (embedded); module 173; bus 1; addr7=0x52
02-16 18:01:04.980   994  1698 V BroadcomColorSensorImpl: internalInitialize()...
02-16 18:01:04.983   994  1698 V RobotCore: addr=false data=true arb=false clock=false
02-16 18:01:04.983   994  1698 E BroadcomColorSensor: readStatusQuery: cbExpected=1 cbRead=0
02-16 18:01:04.983   994  1698 E BroadcomColorSensorImpl: unexpected Broadcom color sensor chipid: found=0 expected=-62
02-16 18:01:04.983   994  1698 V BroadcomColorSensorImpl: ...internalInitialize()
02-16 18:01:04.983   994  1698 E RobotCore: Marking I2C device RevColorSensorV3 USB (embedded); module 173; bus 1; addr7=0x52 as unhealthy because initialization failed
02-16 18:01:05.032   994   994 I PermissionValidatorActivity: Lifecycle onStart : d76f28e
02-16 18:01:05.032   994   994 I PermissionValidator: Checking permission for android.permission.WRITE_EXTERNAL_STORAGE
02-16 18:01:05.033   994   994 I PermissionValidator:     Granted: android.permission.WRITE_EXTERNAL_STORAGE
02-16 18:01:05.033   994   994 I PermissionValidator: Checking permission for android.permission.READ_EXTERNAL_STORAGE
02-16 18:01:05.034   994   994 I PermissionValidator:     Granted: android.permission.READ_EXTERNAL_STORAGE
02-16 18:01:05.034   994   994 I PermissionValidator: Checking permission for android.permission.CAMERA
02-16 18:01:05.035   994   994 I PermissionValidator:     Granted: android.permission.CAMERA
02-16 18:01:05.035   994   994 I PermissionValidator: Checking permission for android.permission.ACCESS_COARSE_LOCATION
02-16 18:01:05.036   994   994 I PermissionValidator:     Granted: android.permission.ACCESS_COARSE_LOCATION
02-16 18:01:05.036   994   994 I PermissionValidator: Checking permission for android.permission.ACCESS_FINE_LOCATION
02-16 18:01:05.037   994   994 I PermissionValidator:     Granted: android.permission.ACCESS_FINE_LOCATION
02-16 18:01:05.037   994   994 I PermissionValidator: Checking permission for android.permission.READ_PHONE_STATE
02-16 18:01:05.044   994   994 I PermissionValidator:     Granted: android.permission.READ_PHONE_STATE
02-16 18:01:05.045   994   994 V ServiceStarter: attempting to start service MediaTransferProtocolMonitorService
02-16 18:01:05.047   994   994 V ServiceStarter: started service MediaTransferProtocolMonitorService
02-16 18:01:05.047   994   994 V ServiceStarter: attempting to start service OnBotJavaService
02-16 18:01:05.048   994   994 V ServiceStarter: started service OnBotJavaService
02-16 18:01:05.048   994   994 I PermissionValidatorActivity: All permissions validated.  Starting RobotController
02-16 18:01:05.060   994   994 V MTPMonitorService: onStartCommand() intent=Intent { cmp=com.qualcomm.ftcrobotcontroller/org.firstinspires.ftc.robotcore.internal.files.MediaTransferProtocolMonitorService } flags=0x0 startId=2
02-16 18:01:05.063   994   994 V MTPMonitor: observing: /storage/emulated/0
02-16 18:01:05.092   994  1698 I I2C     : Automatically initializing I2C device RevColorSensorV3 USB (embedded); module 173; bus 1; addr7=0x52
02-16 18:01:05.092   994  1698 V BroadcomColorSensorImpl: internalInitialize()...
02-16 18:01:05.095   994   994 W FileObserverManager: upgrading mask: path=/storage/emulated/0/FIRST/java/status old=0x00000ffc new=0x00004ffc: might possibly miss event
02-16 18:01:05.096   994  1698 V RobotCore: addr=false data=true arb=false clock=false
02-16 18:01:05.096   994  1698 E BroadcomColorSensor: readStatusQuery: cbExpected=1 cbRead=0
02-16 18:01:05.097   994  1698 E BroadcomColorSensorImpl: unexpected Broadcom color sensor chipid: found=0 expected=-62
02-16 18:01:05.097   994  1698 V BroadcomColorSensorImpl: ...internalInitialize()
02-16 18:01:05.097   994  1698 E RobotCore: Marking I2C device RevColorSensorV3 USB (embedded); module 173; bus 1; addr7=0x52 as unhealthy because initialization failed
02-16 18:01:05.098   994   994 W FileObserverManager: upgrading mask: path=/storage/emulated/0/FIRST/java/control old=0x00000ffc new=0x00004ffc: might possibly miss event
02-16 18:01:05.123   994   994 W FileObserverManager: upgrading mask: path=/storage/emulated/0/FIRST/blocks old=0x00000ffc new=0x00004ffc: might possibly miss event
02-16 18:01:05.136   994   994 V OnBotJavaService: onStartCommand() intent=Intent { cmp=com.qualcomm.ftcrobotcontroller/org.firstinspires.ftc.onbotjava.OnBotJavaService } flags=0x0 startId=2
02-16 18:01:05.136   994   994 V OnBotJava: ctor()...
02-16 18:01:05.136   994   994 W FileObserverManager: upgrading mask: path=/storage/emulated/0/FIRST/java/control/buildRequest.txt old=0x00000ffc new=0x00000ffe: might possibly miss event
02-16 18:01:05.137   994   994 V OnBotJava: ...ctor()
02-16 18:01:05.146   994   994 V RCActivity: onResume()
02-16 18:01:05.146   994   994 V RCActivity: onPause()
02-16 18:01:05.152   994   994 V RCActivity: onResume()
02-16 18:01:05.173   994   994 I PermissionValidatorActivity: Lifecycle onDestroy : d76f28e
02-16 18:01:05.203   994  1698 I I2C     : Automatically initializing I2C device RevColorSensorV3 USB (embedded); module 173; bus 1; addr7=0x52
02-16 18:01:05.203   994  1698 V BroadcomColorSensorImpl: internalInitialize()...
02-16 18:01:05.207   994  1698 V RobotCore: addr=false data=true arb=false clock=false
02-16 18:01:05.207   994  1698 E BroadcomColorSensor: readStatusQuery: cbExpected=1 cbRead=0
02-16 18:01:05.207   994  1698 E BroadcomColorSensorImpl: unexpected Broadcom color sensor chipid: found=0 expected=-62
02-16 18:01:05.207   994  1698 V BroadcomColorSensorImpl: ...internalInitialize()
02-16 18:01:05.207   994  1698 E RobotCore: Marking I2C device RevColorSensorV3 USB (embedded); module 173; bus 1; addr7=0x52 as unhealthy because initialization failed
02-16 18:01:05.291   994  2041 V SessionCookie: added SessionCookie: cookie=c10c3021-b267-4567-bdbb-fbbca9b3c32c uri='/js/rcInfo.json'
02-16 18:01:05.292   994  2041 I RobotCore: alanevan123
02-16 18:01:05.307   994  2042 V SessionCookie: added SessionCookie: cookie=a2f74465-d7a0-442b-94b0-b905d11a1cd2 uri='/revHubsAvailableForUpdate'
02-16 18:01:05.308   994  2042 V Robocol : locally injecting CMD_GET_USB_ACCESSIBLE_LYNX_MODULES
02-16 18:01:05.311   994  1698 I I2C     : Automatically initializing I2C device RevColorSensorV3 USB (embedded); module 173; bus 1; addr7=0x52
02-16 18:01:05.311   994  1698 V BroadcomColorSensorImpl: internalInitialize()...
02-16 18:01:05.313   994  1698 V RobotCore: addr=false data=true arb=false clock=false
02-16 18:01:05.313   994  1698 E BroadcomColorSensor: readStatusQuery: cbExpected=1 cbRead=0
02-16 18:01:05.314   994  1698 E BroadcomColorSensorImpl: unexpected Broadcom color sensor chipid: found=0 expected=-62
02-16 18:01:05.314   994  1698 V BroadcomColorSensorImpl: ...internalInitialize()
02-16 18:01:05.314   994  1698 E RobotCore: Marking I2C device RevColorSensorV3 USB (embedded); module 173; bus 1; addr7=0x52 as unhealthy because initialization failed
02-16 18:01:05.320   994  1975 V FtcEventLoop: getUSBAccessibleLynxDevices(includeModuleAddresses=true)...
02-16 18:01:05.320   994  1976 V FtcConfigTag: scanning USB bus...
02-16 18:01:05.322   994  1976 V FtDeviceManager: createDeviceInfoList(): 0 USB devices
02-16 18:01:05.323   994  1976 V USBScan : device count=1
02-16 18:01:05.324   994  2043 V USBScan : opening (embedded)...
02-16 18:01:05.324   994  2043 V RobotUsbManagerCombining: FTDI driver failed to open USB device with serial number (embedded) (returned null device)
02-16 18:01:05.325   994  2043 V RobotUsbManagerCombining: (embedded) is already open: unable to open second time
02-16 18:01:05.325   994  2043 V USBScan : RobotCoreException(Unable to open USB device (embedded): Combiner unable to open device with serialNumber = (embedded)) exception while opening (embedded)
02-16 18:01:05.325   994  2043 V USBScan : ... done opening (embedded)
02-16 18:01:05.326   994  1976 V USBScan : added extant device (embedded) type=LYNX_USB_DEVICE
02-16 18:01:05.328   994  1976 D UvcContext: usb device is *not* UVC compatible, /dev/bus/usb/003/003
02-16 18:01:05.328   994  1976 V USBScan : scanForUsbDevices() took 7ms count=1
02-16 18:01:05.328   994  1976 V FtcConfigTag: .. scanning complete: [(embedded)]
02-16 18:01:05.329   994  1975 V FtcEventLoop: getUSBAccessibleLynxDevices: found serial=(embedded)
02-16 18:01:05.329   994  1975 V FtcEventLoop: finding module addresses and current firmware versions
02-16 18:01:05.329   994  1975 V FtcEventLoop: getUSBAccessibleLynxDevices: finding module address for usbModule (embedded)
02-16 18:01:05.329   994  1975 V RobotCore: Creating REV Robotics USB Expansion Hub Portal [(embedded)]
02-16 18:01:05.329   994  1975 V LynxUsb : using existing [(embedded)]: 0x035d7c74
02-16 18:01:05.329   994  1975 V LynxUsb : 0x0bd65fe4 on 0x035d7c74: new delegate to [(embedded)]
02-16 18:01:05.329   994  1975 V LynxUsb : lynx discovery beginning...transmitting LynxDiscoveryCommand()...
02-16 18:01:05.331   994  1691 V LynxUsb : onLynxDiscoveryResponseReceived()... module#=173 isParent=true
02-16 18:01:05.332   994  1691 V LynxUsb : discovered lynx module#=173 isParent=true
02-16 18:01:05.332   994  1691 V LynxUsb : ...onLynxDiscoveryResponseReceived()
02-16 18:01:05.333   994  1975 V LynxUsb : discovery waiting 1012ms and 0ns
02-16 18:01:05.417   994  1698 I I2C     : Automatically initializing I2C device RevColorSensorV3 USB (embedded); module 173; bus 1; addr7=0x52
02-16 18:01:05.418   994  1698 V BroadcomColorSensorImpl: internalInitialize()...
02-16 18:01:05.425   994  1698 V RobotCore: addr=false data=true arb=false clock=false
02-16 18:01:05.426   994  1698 E BroadcomColorSensor: readStatusQuery: cbExpected=1 cbRead=0
02-16 18:01:05.426   994  1698 E BroadcomColorSensorImpl: unexpected Broadcom color sensor chipid: found=0 expected=-62
02-16 18:01:05.426   994  1698 V BroadcomColorSensorImpl: ...internalInitialize()
02-16 18:01:05.426   994  1698 E RobotCore: Marking I2C device RevColorSensorV3 USB (embedded); module 173; bus 1; addr7=0x52 as unhealthy because initialization failed
02-16 18:01:05.532   994  1698 I I2C     : Automatically initializing I2C device RevColorSensorV3 USB (embedded); module 173; bus 1; addr7=0x52
02-16 18:01:05.532   994  1698 V BroadcomColorSensorImpl: internalInitialize()...
02-16 18:01:05.539   994  1698 V RobotCore: addr=false data=true arb=false clock=false
02-16 18:01:05.539   994  1698 E BroadcomColorSensor: readStatusQuery: cbExpected=1 cbRead=0
02-16 18:01:05.540   994  1698 E BroadcomColorSensorImpl: unexpected Broadcom color sensor chipid: found=0 expected=-62
02-16 18:01:05.540   994  1698 V BroadcomColorSensorImpl: ...internalInitialize()
02-16 18:01:05.540   994  1698 E RobotCore: Marking I2C device RevColorSensorV3 USB (embedded); module 173; bus 1; addr7=0x52 as unhealthy because initialization failed
02-16 18:01:05.646   994  1698 I I2C     : Automatically initializing I2C device RevColorSensorV3 USB (embedded); module 173; bus 1; addr7=0x52
02-16 18:01:05.647   994  1698 V BroadcomColorSensorImpl: internalInitialize()...
02-16 18:01:05.654   994  1698 V RobotCore: addr=false data=true arb=false clock=false
02-16 18:01:05.655   994  1698 E BroadcomColorSensor: readStatusQuery: cbExpected=1 cbRead=0
02-16 18:01:05.655   994  1698 E BroadcomColorSensorImpl: unexpected Broadcom color sensor chipid: found=0 expected=-62
02-16 18:01:05.655   994  1698 V BroadcomColorSensorImpl: ...internalInitialize()
02-16 18:01:05.655   994  1698 E RobotCore: Marking I2C device RevColorSensorV3 USB (embedded); module 173; bus 1; addr7=0x52 as unhealthy because initialization failed
02-16 18:01:05.760   994  1698 I I2C     : Automatically initializing I2C device RevColorSensorV3 USB (embedded); module 173; bus 1; addr7=0x52
02-16 18:01:05.760   994  1698 V BroadcomColorSensorImpl: internalInitialize()...
02-16 18:01:05.768   994  1698 V RobotCore: addr=false data=true arb=false clock=false
02-16 18:01:05.769   994  1698 E BroadcomColorSensor: readStatusQuery: cbExpected=1 cbRead=0
02-16 18:01:05.769   994  1698 E BroadcomColorSensorImpl: unexpected Broadcom color sensor chipid: found=0 expected=-62
02-16 18:01:05.769   994  1698 V BroadcomColorSensorImpl: ...internalInitialize()
02-16 18:01:05.770   994  1698 E RobotCore: Marking I2C device RevColorSensorV3 USB (embedded); module 173; bus 1; addr7=0x52 as unhealthy because initialization failed
02-16 18:01:05.873   994  1698 I I2C     : Automatically initializing I2C device RevColorSensorV3 USB (embedded); module 173; bus 1; addr7=0x52
02-16 18:01:05.873   994  1698 V BroadcomColorSensorImpl: internalInitialize()...
02-16 18:01:05.882   994  1698 V RobotCore: addr=false data=true arb=false clock=false
02-16 18:01:05.882   994  1698 E BroadcomColorSensor: readStatusQuery: cbExpected=1 cbRead=0
02-16 18:01:05.883   994  1698 E BroadcomColorSensorImpl: unexpected Broadcom color sensor chipid: found=0 expected=-62
02-16 18:01:05.883   994  1698 V BroadcomColorSensorImpl: ...internalInitialize()
02-16 18:01:05.883   994  1698 E RobotCore: Marking I2C device RevColorSensorV3 USB (embedded); module 173; bus 1; addr7=0x52 as unhealthy because initialization failed
02-16 18:01:05.925   994  1282 V FtcWebSocket: Opening websocket (ip=localhost/127.0.0.1 port=8081)
02-16 18:01:05.929   994  1282 V WebSocketManager: Subscribed websocket (ip=localhost/127.0.0.1 port=8081) to namespace (progress)
02-16 18:01:05.932   994  1282 V WebSocketManager: Subscribed websocket (ip=localhost/127.0.0.1 port=8081) to namespace (ControlHubUpdater)
02-16 18:01:05.986   994  1698 I I2C     : Automatically initializing I2C device RevColorSensorV3 USB (embedded); module 173; bus 1; addr7=0x52
02-16 18:01:05.987   994  1698 V BroadcomColorSensorImpl: internalInitialize()...
02-16 18:01:05.993   994  1698 V RobotCore: addr=false data=true arb=false clock=false
02-16 18:01:05.993   994  1698 E BroadcomColorSensor: readStatusQuery: cbExpected=1 cbRead=0
02-16 18:01:05.994   994  1698 E BroadcomColorSensorImpl: unexpected Broadcom color sensor chipid: found=0 expected=-62
02-16 18:01:05.994   994  1698 V BroadcomColorSensorImpl: ...internalInitialize()
02-16 18:01:05.994   994  1698 E RobotCore: Marking I2C device RevColorSensorV3 USB (embedded); module 173; bus 1; addr7=0x52 as unhealthy because initialization failed
02-16 18:01:06.099   994  1698 I I2C     : Automatically initializing I2C device RevColorSensorV3 USB (embedded); module 173; bus 1; addr7=0x52
02-16 18:01:06.099   994  1698 V BroadcomColorSensorImpl: internalInitialize()...
02-16 18:01:06.103   994  1698 V RobotCore: addr=false data=true arb=false clock=false
02-16 18:01:06.104   994  1698 E BroadcomColorSensor: readStatusQuery: cbExpected=1 cbRead=0
02-16 18:01:06.104   994  1698 E BroadcomColorSensorImpl: unexpected Broadcom color sensor chipid: found=0 expected=-62
02-16 18:01:06.104   994  1698 V BroadcomColorSensorImpl: ...internalInitialize()
02-16 18:01:06.104   994  1698 E RobotCore: Marking I2C device RevColorSensorV3 USB (embedded); module 173; bus 1; addr7=0x52 as unhealthy because initialization failed
02-16 18:01:06.212   994  1698 I I2C     : Automatically initializing I2C device RevColorSensorV3 USB (embedded); module 173; bus 1; addr7=0x52
02-16 18:01:06.213   994  1698 V BroadcomColorSensorImpl: internalInitialize()...
02-16 18:01:06.216   994  1698 V RobotCore: addr=false data=true arb=false clock=false
02-16 18:01:06.217   994  1698 E BroadcomColorSensor: readStatusQuery: cbExpected=1 cbRead=0
02-16 18:01:06.217   994  1698 E BroadcomColorSensorImpl: unexpected Broadcom color sensor chipid: found=0 expected=-62
02-16 18:01:06.217   994  1698 V BroadcomColorSensorImpl: ...internalInitialize()
02-16 18:01:06.217   994  1698 E RobotCore: Marking I2C device RevColorSensorV3 USB (embedded); module 173; bus 1; addr7=0x52 as unhealthy because initialization failed
02-16 18:01:06.322   994  1698 I I2C     : Automatically initializing I2C device RevColorSensorV3 USB (embedded); module 173; bus 1; addr7=0x52
02-16 18:01:06.322   994  1698 V BroadcomColorSensorImpl: internalInitialize()...
02-16 18:01:06.326   994  1698 V RobotCore: addr=false data=true arb=false clock=false
02-16 18:01:06.326   994  1698 E BroadcomColorSensor: readStatusQuery: cbExpected=1 cbRead=0
02-16 18:01:06.326   994  1698 E BroadcomColorSensorImpl: unexpected Broadcom color sensor chipid: found=0 expected=-62
02-16 18:01:06.326   994  1698 V BroadcomColorSensorImpl: ...internalInitialize()
02-16 18:01:06.326   994  1698 E RobotCore: Marking I2C device RevColorSensorV3 USB (embedded); module 173; bus 1; addr7=0x52 as unhealthy because initialization failed
02-16 18:01:06.345   994  1975 V LynxUsb : discovery waiting complete: #modules=1
02-16 18:01:06.345   994  1975 V LynxModule: close(#0)
02-16 18:01:06.347   994  1975 V LynxUsb : ...lynx discovery completed
02-16 18:01:06.347   994  1975 V FtcEventLoop: assessing LynxModuleMeta(#173,true,ImuType.UNKNOWN)
02-16 18:01:06.349   994  1975 V LynxUsb : addConfiguredModule() module#=173
02-16 18:01:06.350   994  1975 V LynxUsb : addConfiguredModule() module#=173: already exists
02-16 18:01:06.354   994  1975 V LynxUsb : 0x0bd65fe4 on 0x035d7c74: releasing delegate to [(embedded)]
02-16 18:01:06.354   994  1975 V FtcEventLoop: getUSBAccessibleLynxDevices(): 1 modules found
02-16 18:01:06.354   994  1975 V FtcEventLoop: ...getUSBAccessibleLynxDevices()
02-16 18:01:06.355   994  1975 V Robocol : locally injecting CMD_GET_USB_ACCESSIBLE_LYNX_MODULES_RESP
02-16 18:01:06.435   994  1698 I I2C     : Automatically initializing I2C device RevColorSensorV3 USB (embedded); module 173; bus 1; addr7=0x52
02-16 18:01:06.436   994  1698 V BroadcomColorSensorImpl: internalInitialize()...
02-16 18:01:06.439   994  1698 V RobotCore: addr=false data=true arb=false clock=false
02-16 18:01:06.439   994  1698 E BroadcomColorSensor: readStatusQuery: cbExpected=1 cbRead=0
02-16 18:01:06.439   994  1698 E BroadcomColorSensorImpl: unexpected Broadcom color sensor chipid: found=0 expected=-62
02-16 18:01:06.439   994  1698 V BroadcomColorSensorImpl: ...internalInitialize()
02-16 18:01:06.440   994  1698 E RobotCore: Marking I2C device RevColorSensorV3 USB (embedded); module 173; bus 1; addr7=0x52 as unhealthy because initialization failed
02-16 18:01:06.543   994  1698 I I2C     : Automatically initializing I2C device RevColorSensorV3 USB (embedded); module 173; bus 1; addr7=0x52
02-16 18:01:06.543   994  1698 V BroadcomColorSensorImpl: internalInitialize()...
02-16 18:01:06.547   994  1698 V RobotCore: addr=false data=true arb=false clock=false
02-16 18:01:06.547   994  1698 E BroadcomColorSensor: readStatusQuery: cbExpected=1 cbRead=0
02-16 18:01:06.547   994  1698 E BroadcomColorSensorImpl: unexpected Broadcom color sensor chipid: found=0 expected=-62
02-16 18:01:06.547   994  1698 V BroadcomColorSensorImpl: ...internalInitialize()
02-16 18:01:06.547   994  1698 E RobotCore: Marking I2C device RevColorSensorV3 USB (embedded); module 173; bus 1; addr7=0x52 as unhealthy because initialization failed
02-16 18:01:06.650   994  1698 I I2C     : Automatically initializing I2C device RevColorSensorV3 USB (embedded); module 173; bus 1; addr7=0x52
02-16 18:01:06.650   994  1698 V BroadcomColorSensorImpl: internalInitialize()...
02-16 18:01:06.654   994  1698 V RobotCore: addr=false data=true arb=false clock=false
02-16 18:01:06.654   994  1698 E BroadcomColorSensor: readStatusQuery: cbExpected=1 cbRead=0
02-16 18:01:06.654   994  1698 E BroadcomColorSensorImpl: unexpected Broadcom color sensor chipid: found=0 expected=-62
02-16 18:01:06.654   994  1698 V BroadcomColorSensorImpl: ...internalInitialize()
02-16 18:01:06.655   994  1698 E RobotCore: Marking I2C device RevColorSensorV3 USB (embedded); module 173; bus 1; addr7=0x52 as unhealthy because initialization failed
02-16 18:01:06.758   994  1698 I I2C     : Automatically initializing I2C device RevColorSensorV3 USB (embedded); module 173; bus 1; addr7=0x52
02-16 18:01:06.758   994  1698 V BroadcomColorSensorImpl: internalInitialize()...
02-16 18:01:06.763   994  1698 V RobotCore: addr=false data=true arb=false clock=false
02-16 18:01:06.763   994  1698 E BroadcomColorSensor: readStatusQuery: cbExpected=1 cbRead=0
02-16 18:01:06.764   994  1698 E BroadcomColorSensorImpl: unexpected Broadcom color sensor chipid: found=0 expected=-62
02-16 18:01:06.764   994  1698 V BroadcomColorSensorImpl: ...internalInitialize()
02-16 18:01:06.764   994  1698 E RobotCore: Marking I2C device RevColorSensorV3 USB (embedded); module 173; bus 1; addr7=0x52 as unhealthy because initialization failed
02-16 18:01:06.867   994  1698 I I2C     : Automatically initializing I2C device RevColorSensorV3 USB (embedded); module 173; bus 1; addr7=0x52
02-16 18:01:06.867   994  1698 V BroadcomColorSensorImpl: internalInitialize()...
02-16 18:01:06.870   994  1698 V RobotCore: addr=false data=true arb=false clock=false
02-16 18:01:06.870   994  1698 E BroadcomColorSensor: readStatusQuery: cbExpected=1 cbRead=0
02-16 18:01:06.870   994  1698 E BroadcomColorSensorImpl: unexpected Broadcom color sensor chipid: found=0 expected=-62
02-16 18:01:06.870   994  1698 V BroadcomColorSensorImpl: ...internalInitialize()
02-16 18:01:06.871   994  1698 E RobotCore: Marking I2C device RevColorSensorV3 USB (embedded); module 173; bus 1; addr7=0x52 as unhealthy because initialization failed
02-16 18:01:06.974   994  1698 I I2C     : Automatically initializing I2C device RevColorSensorV3 USB (embedded); module 173; bus 1; addr7=0x52
02-16 18:01:06.974   994  1698 V BroadcomColorSensorImpl: internalInitialize()...
02-16 18:01:06.978   994  1698 V RobotCore: addr=false data=true arb=false clock=false
02-16 18:01:06.978   994  1698 E BroadcomColorSensor: readStatusQuery: cbExpected=1 cbRead=0
02-16 18:01:06.978   994  1698 E BroadcomColorSensorImpl: unexpected Broadcom color sensor chipid: found=0 expected=-62
02-16 18:01:06.978   994  1698 V BroadcomColorSensorImpl: ...internalInitialize()
02-16 18:01:06.978   994  1698 E RobotCore: Marking I2C device RevColorSensorV3 USB (embedded); module 173; bus 1; addr7=0x52 as unhealthy because initialization failed
02-16 18:01:07.084   994  1698 I I2C     : Automatically initializing I2C device RevColorSensorV3 USB (embedded); module 173; bus 1; addr7=0x52
02-16 18:01:07.084   994  1698 V BroadcomColorSensorImpl: internalInitialize()...
02-16 18:01:07.087   994  1698 V RobotCore: addr=false data=true arb=false clock=false
02-16 18:01:07.088   994  1698 E BroadcomColorSensor: readStatusQuery: cbExpected=1 cbRead=0
02-16 18:01:07.088   994  1698 E BroadcomColorSensorImpl: unexpected Broadcom color sensor chipid: found=0 expected=-62
02-16 18:01:07.088   994  1698 V BroadcomColorSensorImpl: ...internalInitialize()
02-16 18:01:07.088   994  1698 E RobotCore: Marking I2C device RevColorSensorV3 USB (embedded); module 173; bus 1; addr7=0x52 as unhealthy because initialization failed
02-16 18:01:07.192   994  1698 I I2C     : Automatically initializing I2C device RevColorSensorV3 USB (embedded); module 173; bus 1; addr7=0x52
02-16 18:01:07.193   994  1698 V BroadcomColorSensorImpl: internalInitialize()...
02-16 18:01:07.196   994  1698 V RobotCore: addr=false data=true arb=false clock=false
02-16 18:01:07.197   994  1698 E BroadcomColorSensor: readStatusQuery: cbExpected=1 cbRead=0
02-16 18:01:07.197   994  1698 E BroadcomColorSensorImpl: unexpected Broadcom color sensor chipid: found=0 expected=-62
02-16 18:01:07.197   994  1698 V BroadcomColorSensorImpl: ...internalInitialize()
02-16 18:01:07.198   994  1698 E RobotCore: Marking I2C device RevColorSensorV3 USB (embedded); module 173; bus 1; addr7=0x52 as unhealthy because initialization failed
02-16 18:01:07.303   994  1698 I I2C     : Automatically initializing I2C device RevColorSensorV3 USB (embedded); module 173; bus 1; addr7=0x52
02-16 18:01:07.303   994  1698 V BroadcomColorSensorImpl: internalInitialize()...
02-16 18:01:07.309   994  1698 V RobotCore: addr=false data=true arb=false clock=false
02-16 18:01:07.309   994  1698 E BroadcomColorSensor: readStatusQuery: cbExpected=1 cbRead=0
02-16 18:01:07.310   994  1698 E BroadcomColorSensorImpl: unexpected Broadcom color sensor chipid: found=0 expected=-62
02-16 18:01:07.310   994  1698 V BroadcomColorSensorImpl: ...internalInitialize()
02-16 18:01:07.310   994  1698 E RobotCore: Marking I2C device RevColorSensorV3 USB (embedded); module 173; bus 1; addr7=0x52 as unhealthy because initialization failed
02-16 18:01:07.415   994  1698 I I2C     : Automatically initializing I2C device RevColorSensorV3 USB (embedded); module 173; bus 1; addr7=0x52
02-16 18:01:07.415   994  1698 V BroadcomColorSensorImpl: internalInitialize()...
02-16 18:01:07.418   994  1698 V RobotCore: addr=false data=true arb=false clock=false
02-16 18:01:07.419   994  1698 E BroadcomColorSensor: readStatusQuery: cbExpected=1 cbRead=0
02-16 18:01:07.419   994  1698 E BroadcomColorSensorImpl: unexpected Broadcom color sensor chipid: found=0 expected=-62
02-16 18:01:07.419   994  1698 V BroadcomColorSensorImpl: ...internalInitialize()
02-16 18:01:07.419   994  1698 E RobotCore: Marking I2C device RevColorSensorV3 USB (embedded); module 173; bus 1; addr7=0x52 as unhealthy because initialization failed
02-16 18:01:07.528   994  1698 I I2C     : Automatically initializing I2C device RevColorSensorV3 USB (embedded); module 173; bus 1; addr7=0x52
02-16 18:01:07.529   994  1698 V BroadcomColorSensorImpl: internalInitialize()...
02-16 18:01:07.532   994  1698 V RobotCore: addr=false data=true arb=false clock=false
02-16 18:01:07.533   994  1698 E BroadcomColorSensor: readStatusQuery: cbExpected=1 cbRead=0
02-16 18:01:07.533   994  1698 E BroadcomColorSensorImpl: unexpected Broadcom color sensor chipid: found=0 expected=-62
02-16 18:01:07.533   994  1698 V BroadcomColorSensorImpl: ...internalInitialize()
02-16 18:01:07.534   994  1698 E RobotCore: Marking I2C device RevColorSensorV3 USB (embedded); module 173; bus 1; addr7=0x52 as unhealthy because initialization failed
02-16 18:01:07.637   994  1698 I I2C     : Automatically initializing I2C device RevColorSensorV3 USB (embedded); module 173; bus 1; addr7=0x52
02-16 18:01:07.638   994  1698 V BroadcomColorSensorImpl: internalInitialize()...
02-16 18:01:07.642   994  1698 V RobotCore: addr=false data=true arb=false clock=false
02-16 18:01:07.642   994  1698 E BroadcomColorSensor: readStatusQuery: cbExpected=1 cbRead=0
02-16 18:01:07.642   994  1698 E BroadcomColorSensorImpl: unexpected Broadcom color sensor chipid: found=0 expected=-62
02-16 18:01:07.642   994  1698 V BroadcomColorSensorImpl: ...internalInitialize()
02-16 18:01:07.643   994  1698 E RobotCore: Marking I2C device RevColorSensorV3 USB (embedded); module 173; bus 1; addr7=0x52 as unhealthy because initialization failed
02-16 18:01:07.751   994  1698 I I2C     : Automatically initializing I2C device RevColorSensorV3 USB (embedded); module 173; bus 1; addr7=0x52
02-16 18:01:07.752   994  1698 V BroadcomColorSensorImpl: internalInitialize()...
02-16 18:01:07.756   994  1698 V RobotCore: addr=false data=true arb=false clock=false
02-16 18:01:07.756   994  1698 E BroadcomColorSensor: readStatusQuery: cbExpected=1 cbRead=0
02-16 18:01:07.756   994  1698 E BroadcomColorSensorImpl: unexpected Broadcom color sensor chipid: found=0 expected=-62
02-16 18:01:07.756   994  1698 V BroadcomColorSensorImpl: ...internalInitialize()
02-16 18:01:07.757   994  1698 E RobotCore: Marking I2C device RevColorSensorV3 USB (embedded); module 173; bus 1; addr7=0x52 as unhealthy because initialization failed
02-16 18:01:07.861   994  1698 I I2C     : Automatically initializing I2C device RevColorSensorV3 USB (embedded); module 173; bus 1; addr7=0x52
02-16 18:01:07.861   994  1698 V BroadcomColorSensorImpl: internalInitialize()...
02-16 18:01:07.865   994  1698 V RobotCore: addr=false data=true arb=false clock=false
02-16 18:01:07.866   994  1698 E BroadcomColorSensor: readStatusQuery: cbExpected=1 cbRead=0
02-16 18:01:07.866   994  1698 E BroadcomColorSensorImpl: unexpected Broadcom color sensor chipid: found=0 expected=-62
02-16 18:01:07.866   994  1698 V BroadcomColorSensorImpl: ...internalInitialize()
02-16 18:01:07.866   994  1698 E RobotCore: Marking I2C device RevColorSensorV3 USB (embedded); module 173; bus 1; addr7=0x52 as unhealthy because initialization failed
02-16 18:01:07.970   994  1698 I I2C     : Automatically initializing I2C device RevColorSensorV3 USB (embedded); module 173; bus 1; addr7=0x52
02-16 18:01:07.971   994  1698 V BroadcomColorSensorImpl: internalInitialize()...
02-16 18:01:07.974   994  1698 V RobotCore: addr=false data=true arb=false clock=false
02-16 18:01:07.975   994  1698 E BroadcomColorSensor: readStatusQuery: cbExpected=1 cbRead=0
02-16 18:01:07.975   994  1698 E BroadcomColorSensorImpl: unexpected Broadcom color sensor chipid: found=0 expected=-62
02-16 18:01:07.975   994  1698 V BroadcomColorSensorImpl: ...internalInitialize()
02-16 18:01:07.975   994  1698 E RobotCore: Marking I2C device RevColorSensorV3 USB (embedded); module 173; bus 1; addr7=0x52 as unhealthy because initialization failed
02-16 18:01:08.079   994  1698 I I2C     : Automatically initializing I2C device RevColorSensorV3 USB (embedded); module 173; bus 1; addr7=0x52
02-16 18:01:08.079   994  1698 V BroadcomColorSensorImpl: internalInitialize()...
02-16 18:01:08.083   994  1698 V RobotCore: addr=false data=true arb=false clock=false
02-16 18:01:08.083   994  1698 E BroadcomColorSensor: readStatusQuery: cbExpected=1 cbRead=0
02-16 18:01:08.083   994  1698 E BroadcomColorSensorImpl: unexpected Broadcom color sensor chipid: found=0 expected=-62
02-16 18:01:08.083   994  1698 V BroadcomColorSensorImpl: ...internalInitialize()
02-16 18:01:08.083   994  1698 E RobotCore: Marking I2C device RevColorSensorV3 USB (embedded); module 173; bus 1; addr7=0x52 as unhealthy because initialization failed
02-16 18:01:08.188   994  1698 I I2C     : Automatically initializing I2C device RevColorSensorV3 USB (embedded); module 173; bus 1; addr7=0x52
02-16 18:01:08.188   994  1698 V BroadcomColorSensorImpl: internalInitialize()...
02-16 18:01:08.191   994  1698 V RobotCore: addr=false data=true arb=false clock=false
02-16 18:01:08.191   994  1698 E BroadcomColorSensor: readStatusQuery: cbExpected=1 cbRead=0
02-16 18:01:08.192   994  1698 E BroadcomColorSensorImpl: unexpected Broadcom color sensor chipid: found=0 expected=-62
02-16 18:01:08.192   994  1698 V BroadcomColorSensorImpl: ...internalInitialize()
02-16 18:01:08.192   994  1698 E RobotCore: Marking I2C device RevColorSensorV3 USB (embedded); module 173; bus 1; addr7=0x52 as unhealthy because initialization failed
02-16 18:01:08.298   994  1698 I I2C     : Automatically initializing I2C device RevColorSensorV3 USB (embedded); module 173; bus 1; addr7=0x52
02-16 18:01:08.298   994  1698 V BroadcomColorSensorImpl: internalInitialize()...
02-16 18:01:08.303   994  1698 V RobotCore: addr=false data=true arb=false clock=false
02-16 18:01:08.303   994  1698 E BroadcomColorSensor: readStatusQuery: cbExpected=1 cbRead=0
02-16 18:01:08.303   994  1698 E BroadcomColorSensorImpl: unexpected Broadcom color sensor chipid: found=0 expected=-62
02-16 18:01:08.303   994  1698 V BroadcomColorSensorImpl: ...internalInitialize()
02-16 18:01:08.303   994  1698 E RobotCore: Marking I2C device RevColorSensorV3 USB (embedded); module 173; bus 1; addr7=0x52 as unhealthy because initialization failed
