02-16 18:01:08.409   994  1698 I I2C     : Automatically initializing I2C device RevColorSensorV3 USB (embedded); module 173; bus 1; addr7=0x52
02-16 18:01:08.409   994  1698 V BroadcomColorSensorImpl: internalInitialize()...
02-16 18:01:08.412   994  1698 V RobotCore: addr=false data=true arb=false clock=false
02-16 18:01:08.413   994  1698 E BroadcomColorSensor: readStatusQuery: cbExpected=1 cbRead=0
02-16 18:01:08.413   994  1698 E BroadcomColorSensorImpl: unexpected Broadcom color sensor chipid: found=0 expected=-62
02-16 18:01:08.413   994  1698 V BroadcomColorSensorImpl: ...internalInitialize()
02-16 18:01:08.413   994  1698 E RobotCore: Marking I2C device RevColorSensorV3 USB (embedded); module 173; bus 1; addr7=0x52 as unhealthy because initialization failed
02-16 18:01:08.519   994  1698 I I2C     : Automatically initializing I2C device RevColorSensorV3 USB (embedded); module 173; bus 1; addr7=0x52
02-16 18:01:08.519   994  1698 V BroadcomColorSensorImpl: internalInitialize()...
02-16 18:01:08.522   994  1698 V RobotCore: addr=false data=true arb=false clock=false
02-16 18:01:08.522   994  1698 E BroadcomColorSensor: readStatusQuery: cbExpected=1 cbRead=0
02-16 18:01:08.522   994  1698 E BroadcomColorSensorImpl: unexpected Broadcom color sensor chipid: found=0 expected=-62
02-16 18:01:08.522   994  1698 V BroadcomColorSensorImpl: ...internalInitialize()
02-16 18:01:08.523   994  1698 E RobotCore: Marking I2C device RevColorSensorV3 USB (embedded); module 173; bus 1; addr7=0x52 as unhealthy because initialization failed
02-16 18:01:08.631   994  1698 I I2C     : Automatically initializing I2C device RevColorSensorV3 USB (embedded); module 173; bus 1; addr7=0x52
02-16 18:01:08.631   994  1698 V BroadcomColorSensorImpl: internalInitialize()...
02-16 18:01:08.635   994  1698 V RobotCore: addr=false data=true arb=false clock=false
02-16 18:01:08.635   994  1698 E BroadcomColorSensor: readStatusQuery: cbExpected=1 cbRead=0
02-16 18:01:08.635   994  1698 E BroadcomColorSensorImpl: unexpected Broadcom color sensor chipid: found=0 expected=-62
02-16 18:01:08.635   994  1698 V BroadcomColorSensorImpl: ...internalInitialize()
02-16 18:01:08.636   994  1698 E RobotCore: Marking I2C device RevColorSensorV3 USB (embedded); module 173; bus 1; addr7=0x52 as unhealthy because initialization failed
02-16 18:01:08.741   994  1698 I I2C     : Automatically initializing I2C device RevColorSensorV3 USB (embedded); module 173; bus 1; addr7=0x52
02-16 18:01:08.742   994  1698 V BroadcomColorSensorImpl: internalInitialize()...
02-16 18:01:08.745   994  1698 V RobotCore: addr=false data=true arb=false clock=false
02-16 18:01:08.745   994  1698 E BroadcomColorSensor: readStatusQuery: cbExpected=1 cbRead=0
02-16 18:01:08.745   994  1698 E BroadcomColorSensorImpl: unexpected Broadcom color sensor chipid: found=0 expected=-62
02-16 18:01:08.746   994  1698 V BroadcomColorSensorImpl: ...internalInitialize()
02-16 18:01:08.746   994  1698 E RobotCore: Marking I2C device RevColorSensorV3 USB (embedded); module 173; bus 1; addr7=0x52 as unhealthy because initialization failed
02-16 18:01:08.852   994  1698 I I2C     : Automatically initializing I2C device RevColorSensorV3 USB (embedded); module 173; bus 1; addr7=0x52
02-16 18:01:08.852   994  1698 V BroadcomColorSensorImpl: internalInitialize()...
02-16 18:01:08.855   994  1698 V RobotCore: addr=false data=true arb=false clock=false
02-16 18:01:08.856   994  1698 E BroadcomColorSensor: readStatusQuery: cbExpected=1 cbRead=0
02-16 18:01:08.856   994  1698 E BroadcomColorSensorImpl: unexpected Broadcom color sensor chipid: found=0 expected=-62
02-16 18:01:08.856   994  1698 V BroadcomColorSensorImpl: ...internalInitialize()
02-16 18:01:08.857   994  1698 E RobotCore: Marking I2C device RevColorSensorV3 USB (embedded); module 173; bus 1; addr7=0x52 as unhealthy because initialization failed
02-16 18:01:08.940   994  1282 V FtcWebSocket: Opening websocket (ip=localhost/127.0.0.1 port=8081)
02-16 18:01:08.946   994  1282 V WebSocketManager: Subscribed websocket (ip=localhost/127.0.0.1 port=8081) to namespace (progress)
02-16 18:01:08.948   994  1282 V WebSocketManager: Subscribed websocket (ip=localhost/127.0.0.1 port=8081) to namespace (ControlHubUpdater)
02-16 18:01:08.965   994  1698 I I2C     : Automatically initializing I2C device RevColorSensorV3 USB (embedded); module 173; bus 1; addr7=0x52
02-16 18:01:08.966   994  1698 V BroadcomColorSensorImpl: internalInitialize()...
02-16 18:01:08.969   994  1698 V RobotCore: addr=false data=true arb=false clock=false
02-16 18:01:08.969   994  1698 E BroadcomColorSensor: readStatusQuery: cbExpected=1 cbRead=0
02-16 18:01:08.969   994  1698 E BroadcomColorSensorImpl: unexpected Broadcom color sensor chipid: found=0 expected=-62
02-16 18:01:08.969   994  1698 V BroadcomColorSensorImpl: ...internalInitialize()
02-16 18:01:08.970   994  1698 E RobotCore: Marking I2C device RevColorSensorV3 USB (embedded); module 173; bus 1; addr7=0x52 as unhealthy because initialization failed
02-16 18:01:09.074   994  1698 I I2C     : Automatically initializing I2C device RevColorSensorV3 USB (embedded); module 173; bus 1; addr7=0x52
02-16 18:01:09.074   994  1698 V BroadcomColorSensorImpl: internalInitialize()...
02-16 18:01:09.078   994  1698 V RobotCore: addr=false data=true arb=false clock=false
02-16 18:01:09.078   994  1698 E BroadcomColorSensor: readStatusQuery: cbExpected=1 cbRead=0
02-16 18:01:09.078   994  1698 E BroadcomColorSensorImpl: unexpected Broadcom color sensor chipid: found=0 expected=-62
02-16 18:01:09.078   994  1698 V BroadcomColorSensorImpl: ...internalInitialize()
02-16 18:01:09.079   994  1698 E RobotCore: Marking I2C device RevColorSensorV3 USB (embedded); module 173; bus 1; addr7=0x52 as unhealthy because initialization failed
02-16 18:01:09.186   994  1698 I I2C     : Automatically initializing I2C device RevColorSensorV3 USB (embedded); module 173; bus 1; addr7=0x52
02-16 18:01:09.186   994  1698 V BroadcomColorSensorImpl: internalInitialize()...
02-16 18:01:09.190   994  1698 V RobotCore: addr=false data=true arb=false clock=false
02-16 18:01:09.190   994  1698 E BroadcomColorSensor: readStatusQuery: cbExpected=1 cbRead=0
02-16 18:01:09.190   994  1698 E BroadcomColorSensorImpl: unexpected Broadcom color sensor chipid: found=0 expected=-62
02-16 18:01:09.191   994  1698 V BroadcomColorSensorImpl: ...internalInitialize()
02-16 18:01:09.191   994  1698 E RobotCore: Marking I2C device RevColorSensorV3 USB (embedded); module 173; bus 1; addr7=0x52 as unhealthy because initialization failed
02-16 18:01:09.297   994  1698 I I2C     : Automatically initializing I2C device RevColorSensorV3 USB (embedded); module 173; bus 1; addr7=0x52
02-16 18:01:09.298   994  1698 V BroadcomColorSensorImpl: internalInitialize()...
02-16 18:01:09.301   994  1698 V RobotCore: addr=false data=true arb=false clock=false
02-16 18:01:09.301   994  1698 E BroadcomColorSensor: readStatusQuery: cbExpected=1 cbRead=0
02-16 18:01:09.301   994  1698 E BroadcomColorSensorImpl: unexpected Broadcom color sensor chipid: found=0 expected=-62
02-16 18:01:09.301   994  1698 V BroadcomColorSensorImpl: ...internalInitialize()
02-16 18:01:09.302   994  1698 E RobotCore: Marking I2C device RevColorSensorV3 USB (embedded); module 173; bus 1; addr7=0x52 as unhealthy because initialization failed
02-16 18:01:09.408   994  1698 I I2C     : Automatically initializing I2C device RevColorSensorV3 USB (embedded); module 173; bus 1; addr7=0x52
02-16 18:01:09.409   994  1698 V BroadcomColorSensorImpl: internalInitialize()...
02-16 18:01:09.412   994  1698 V RobotCore: addr=false data=true arb=false clock=false
02-16 18:01:09.412   994  1698 E BroadcomColorSensor: readStatusQuery: cbExpected=1 cbRead=0
02-16 18:01:09.412   994  1698 E BroadcomColorSensorImpl: unexpected Broadcom color sensor chipid: found=0 expected=-62
02-16 18:01:09.412   994  1698 V BroadcomColorSensorImpl: ...internalInitialize()
02-16 18:01:09.413   994  1698 E RobotCore: Marking I2C device RevColorSensorV3 USB (embedded); module 173; bus 1; addr7=0x52 as unhealthy because initialization failed
02-16 18:01:09.523   994  1698 I I2C     : Automatically initializing I2C device RevColorSensorV3 USB (embedded); module 173; bus 1; addr7=0x52
02-16 18:01:09.523   994  1698 V BroadcomColorSensorImpl: internalInitialize()...
02-16 18:01:09.526   994  1698 V RobotCore: addr=false data=true arb=false clock=false
02-16 18:01:09.526   994  1698 E BroadcomColorSensor: readStatusQuery: cbExpected=1 cbRead=0
02-16 18:01:09.526   994  1698 E BroadcomColorSensorImpl: unexpected Broadcom color sensor chipid: found=0 expected=-62
02-16 18:01:09.527   994  1698 V BroadcomColorSensorImpl: ...internalInitialize()
02-16 18:01:09.527   994  1698 E RobotCore: Marking I2C device RevColorSensorV3 USB (embedded); module 173; bus 1; addr7=0x52 as unhealthy because initialization failed
02-16 18:01:09.532   994  1282 V FtcWebSocket: Opening websocket (ip=localhost/127.0.0.1 port=8081)
02-16 18:01:09.537   994  1282 V WebSocketManager: Subscribed websocket (ip=localhost/127.0.0.1 port=8081) to namespace (progress)
02-16 18:01:09.553   994  1282 V WebSocketManager: Subscribed websocket (ip=localhost/127.0.0.1 port=8081) to namespace (ControlHubUpdater)
02-16 18:01:09.632   994  1698 I I2C     : Automatically initializing I2C device RevColorSensorV3 USB (embedded); module 173; bus 1; addr7=0x52
02-16 18:01:09.632   994  1698 V BroadcomColorSensorImpl: internalInitialize()...
02-16 18:01:09.636   994  1698 V RobotCore: addr=false data=true arb=false clock=false
02-16 18:01:09.636   994  1698 E BroadcomColorSensor: readStatusQuery: cbExpected=1 cbRead=0
02-16 18:01:09.637   994  1698 E BroadcomColorSensorImpl: unexpected Broadcom color sensor chipid: found=0 expected=-62
02-16 18:01:09.637   994  1698 V BroadcomColorSensorImpl: ...internalInitialize()
02-16 18:01:09.637   994  1698 E RobotCore: Marking I2C device RevColorSensorV3 USB (embedded); module 173; bus 1; addr7=0x52 as unhealthy because initialization failed
02-16 18:01:09.707   994  1282 V FtcWebSocket: Opening websocket (ip=localhost/127.0.0.1 port=8081)
02-16 18:01:09.711   994  1282 V WebSocketManager: Subscribed websocket (ip=localhost/127.0.0.1 port=8081) to namespace (progress)
02-16 18:01:09.716   994  1282 V WebSocketManager: Subscribed websocket (ip=localhost/127.0.0.1 port=8081) to namespace (ControlHubUpdater)
02-16 18:01:09.742   994  1698 I I2C     : Automatically initializing I2C device RevColorSensorV3 USB (embedded); module 173; bus 1; addr7=0x52
02-16 18:01:09.742   994  1698 V BroadcomColorSensorImpl: internalInitialize()...
02-16 18:01:09.745   994  1698 V RobotCore: addr=false data=true arb=false clock=false
02-16 18:01:09.746   994  1698 E BroadcomColorSensor: readStatusQuery: cbExpected=1 cbRead=0
02-16 18:01:09.746   994  1698 E BroadcomColorSensorImpl: unexpected Broadcom color sensor chipid: found=0 expected=-62
02-16 18:01:09.746   994  1698 V BroadcomColorSensorImpl: ...internalInitialize()
02-16 18:01:09.747   994  1698 E RobotCore: Marking I2C device RevColorSensorV3 USB (embedded); module 173; bus 1; addr7=0x52 as unhealthy because initialization failed
02-16 18:01:09.850   994  1698 I I2C     : Automatically initializing I2C device RevColorSensorV3 USB (embedded); module 173; bus 1; addr7=0x52
02-16 18:01:09.850   994  1698 V BroadcomColorSensorImpl: internalInitialize()...
02-16 18:01:09.854   994  1698 V RobotCore: addr=false data=true arb=false clock=false
02-16 18:01:09.854   994  1698 E BroadcomColorSensor: readStatusQuery: cbExpected=1 cbRead=0
02-16 18:01:09.854   994  1698 E BroadcomColorSensorImpl: unexpected Broadcom color sensor chipid: found=0 expected=-62
02-16 18:01:09.854   994  1698 V BroadcomColorSensorImpl: ...internalInitialize()
02-16 18:01:09.855   994  1698 E RobotCore: Marking I2C device RevColorSensorV3 USB (embedded); module 173; bus 1; addr7=0x52 as unhealthy because initialization failed
02-16 18:01:09.963   994  1698 I I2C     : Automatically initializing I2C device RevColorSensorV3 USB (embedded); module 173; bus 1; addr7=0x52
02-16 18:01:09.963   994  1698 V BroadcomColorSensorImpl: internalInitialize()...
02-16 18:01:09.969   994  1698 V RobotCore: addr=false data=true arb=false clock=false
02-16 18:01:09.970   994  1698 E BroadcomColorSensor: readStatusQuery: cbExpected=1 cbRead=0
02-16 18:01:09.970   994  1698 E BroadcomColorSensorImpl: unexpected Broadcom color sensor chipid: found=0 expected=-62
02-16 18:01:09.970   994  1698 V BroadcomColorSensorImpl: ...internalInitialize()
02-16 18:01:09.970   994  1698 E RobotCore: Marking I2C device RevColorSensorV3 USB (embedded); module 173; bus 1; addr7=0x52 as unhealthy because initialization failed
02-16 18:01:10.082   994  1698 I I2C     : Automatically initializing I2C device RevColorSensorV3 USB (embedded); module 173; bus 1; addr7=0x52
02-16 18:01:10.082   994  1698 V BroadcomColorSensorImpl: internalInitialize()...
02-16 18:01:10.092   994  1698 V RobotCore: addr=false data=true arb=false clock=false
02-16 18:01:10.092   994  1698 E BroadcomColorSensor: readStatusQuery: cbExpected=1 cbRead=0
02-16 18:01:10.093   994  1698 E BroadcomColorSensorImpl: unexpected Broadcom color sensor chipid: found=0 expected=-62
02-16 18:01:10.093   994  1698 V BroadcomColorSensorImpl: ...internalInitialize()
02-16 18:01:10.093   994  1698 E RobotCore: Marking I2C device RevColorSensorV3 USB (embedded); module 173; bus 1; addr7=0x52 as unhealthy because initialization failed
02-16 18:01:10.196   994  1698 I I2C     : Automatically initializing I2C device RevColorSensorV3 USB (embedded); module 173; bus 1; addr7=0x52
02-16 18:01:10.196   994  1698 V BroadcomColorSensorImpl: internalInitialize()...
02-16 18:01:10.200   994  1698 V RobotCore: addr=false data=true arb=false clock=false
02-16 18:01:10.200   994  1698 E BroadcomColorSensor: readStatusQuery: cbExpected=1 cbRead=0
02-16 18:01:10.201   994  1698 E BroadcomColorSensorImpl: unexpected Broadcom color sensor chipid: found=0 expected=-62
02-16 18:01:10.201   994  1698 V BroadcomColorSensorImpl: ...internalInitialize()
02-16 18:01:10.201   994  1698 E RobotCore: Marking I2C device RevColorSensorV3 USB (embedded); module 173; bus 1; addr7=0x52 as unhealthy because initialization failed
02-16 18:01:10.259   994  2188 I RobotCore: alanevan123
02-16 18:01:10.307   994  2192 V ProgrammingModeManager: serve uri=/css/colors.less
02-16 18:01:10.314   994  1698 I I2C     : Automatically initializing I2C device RevColorSensorV3 USB (embedded); module 173; bus 1; addr7=0x52
02-16 18:01:10.314   994  1698 V BroadcomColorSensorImpl: internalInitialize()...
02-16 18:01:10.317   994  1698 V RobotCore: addr=false data=true arb=false clock=false
02-16 18:01:10.317   994  1698 E BroadcomColorSensor: readStatusQuery: cbExpected=1 cbRead=0
02-16 18:01:10.318   994  1698 E BroadcomColorSensorImpl: unexpected Broadcom color sensor chipid: found=0 expected=-62
02-16 18:01:10.318   994  1698 V BroadcomColorSensorImpl: ...internalInitialize()
02-16 18:01:10.318   994  1698 E RobotCore: Marking I2C device RevColorSensorV3 USB (embedded); module 173; bus 1; addr7=0x52 as unhealthy because initialization failed
02-16 18:01:10.423   994  1698 I I2C     : Automatically initializing I2C device RevColorSensorV3 USB (embedded); module 173; bus 1; addr7=0x52
02-16 18:01:10.423   994  1698 V BroadcomColorSensorImpl: internalInitialize()...
02-16 18:01:10.426   994  1698 V RobotCore: addr=false data=true arb=false clock=false
02-16 18:01:10.426   994  1698 E BroadcomColorSensor: readStatusQuery: cbExpected=1 cbRead=0
02-16 18:01:10.427   994  1698 E BroadcomColorSensorImpl: unexpected Broadcom color sensor chipid: found=0 expected=-62
02-16 18:01:10.427   994  1698 V BroadcomColorSensorImpl: ...internalInitialize()
02-16 18:01:10.427   994  1698 E RobotCore: Marking I2C device RevColorSensorV3 USB (embedded); module 173; bus 1; addr7=0x52 as unhealthy because initialization failed
02-16 18:01:10.535   994  1698 I I2C     : Automatically initializing I2C device RevColorSensorV3 USB (embedded); module 173; bus 1; addr7=0x52
02-16 18:01:10.535   994  1698 V BroadcomColorSensorImpl: internalInitialize()...
02-16 18:01:10.545   994  1698 V RobotCore: addr=false data=true arb=false clock=false
02-16 18:01:10.545   994  1698 E BroadcomColorSensor: readStatusQuery: cbExpected=1 cbRead=0
02-16 18:01:10.545   994  1698 E BroadcomColorSensorImpl: unexpected Broadcom color sensor chipid: found=0 expected=-62
02-16 18:01:10.546   994  1698 V BroadcomColorSensorImpl: ...internalInitialize()
02-16 18:01:10.546   994  1698 E RobotCore: Marking I2C device RevColorSensorV3 USB (embedded); module 173; bus 1; addr7=0x52 as unhealthy because initialization failed
02-16 18:01:10.635   994  2192 I RobotCore: alanevan123
02-16 18:01:10.653   994  1698 I I2C     : Automatically initializing I2C device RevColorSensorV3 USB (embedded); module 173; bus 1; addr7=0x52
02-16 18:01:10.653   994  1698 V BroadcomColorSensorImpl: internalInitialize()...
02-16 18:01:10.656   994  1698 V RobotCore: addr=false data=true arb=false clock=false
02-16 18:01:10.657   994  1698 E BroadcomColorSensor: readStatusQuery: cbExpected=1 cbRead=0
02-16 18:01:10.657   994  1698 E BroadcomColorSensorImpl: unexpected Broadcom color sensor chipid: found=0 expected=-62
02-16 18:01:10.657   994  1698 V BroadcomColorSensorImpl: ...internalInitialize()
02-16 18:01:10.657   994  1698 E RobotCore: Marking I2C device RevColorSensorV3 USB (embedded); module 173; bus 1; addr7=0x52 as unhealthy because initialization failed
02-16 18:01:10.726   994  2188 V ProgrammingModeManager: serve uri=/css/colors.less
02-16 18:01:10.765   994  1698 I I2C     : Automatically initializing I2C device RevColorSensorV3 USB (embedded); module 173; bus 1; addr7=0x52
02-16 18:01:10.766   994  1698 V BroadcomColorSensorImpl: internalInitialize()...
02-16 18:01:10.770   994  1698 V RobotCore: addr=false data=true arb=false clock=false
02-16 18:01:10.770   994  1698 E BroadcomColorSensor: readStatusQuery: cbExpected=1 cbRead=0
02-16 18:01:10.771   994  1698 E BroadcomColorSensorImpl: unexpected Broadcom color sensor chipid: found=0 expected=-62
02-16 18:01:10.771   994  1698 V BroadcomColorSensorImpl: ...internalInitialize()
02-16 18:01:10.772   994  1698 E RobotCore: Marking I2C device RevColorSensorV3 USB (embedded); module 173; bus 1; addr7=0x52 as unhealthy because initialization failed
02-16 18:01:10.876   994  1698 I I2C     : Automatically initializing I2C device RevColorSensorV3 USB (embedded); module 173; bus 1; addr7=0x52
02-16 18:01:10.876   994  1698 V BroadcomColorSensorImpl: internalInitialize()...
02-16 18:01:10.879   994  1698 V RobotCore: addr=false data=true arb=false clock=false
02-16 18:01:10.879   994  1698 E BroadcomColorSensor: readStatusQuery: cbExpected=1 cbRead=0
02-16 18:01:10.879   994  1698 E BroadcomColorSensorImpl: unexpected Broadcom color sensor chipid: found=0 expected=-62
02-16 18:01:10.879   994  1698 V BroadcomColorSensorImpl: ...internalInitialize()
02-16 18:01:10.880   994  1698 E RobotCore: Marking I2C device RevColorSensorV3 USB (embedded); module 173; bus 1; addr7=0x52 as unhealthy because initialization failed
02-16 18:01:10.989   994  1698 I I2C     : Automatically initializing I2C device RevColorSensorV3 USB (embedded); module 173; bus 1; addr7=0x52
02-16 18:01:10.989   994  1698 V BroadcomColorSensorImpl: internalInitialize()...
02-16 18:01:10.993   994  1698 V RobotCore: addr=false data=true arb=false clock=false
02-16 18:01:10.993   994  1698 E BroadcomColorSensor: readStatusQuery: cbExpected=1 cbRead=0
02-16 18:01:10.994   994  1698 E BroadcomColorSensorImpl: unexpected Broadcom color sensor chipid: found=0 expected=-62
02-16 18:01:10.994   994  1698 V BroadcomColorSensorImpl: ...internalInitialize()
02-16 18:01:10.994   994  1698 E RobotCore: Marking I2C device RevColorSensorV3 USB (embedded); module 173; bus 1; addr7=0x52 as unhealthy because initialization failed
02-16 18:01:11.100   994  1698 I I2C     : Automatically initializing I2C device RevColorSensorV3 USB (embedded); module 173; bus 1; addr7=0x52
02-16 18:01:11.100   994  1698 V BroadcomColorSensorImpl: internalInitialize()...
02-16 18:01:11.104   994  1698 V RobotCore: addr=false data=true arb=false clock=false
02-16 18:01:11.104   994  1698 E BroadcomColorSensor: readStatusQuery: cbExpected=1 cbRead=0
02-16 18:01:11.104   994  1698 E BroadcomColorSensorImpl: unexpected Broadcom color sensor chipid: found=0 expected=-62
02-16 18:01:11.104   994  1698 V BroadcomColorSensorImpl: ...internalInitialize()
02-16 18:01:11.104   994  1698 E RobotCore: Marking I2C device RevColorSensorV3 USB (embedded); module 173; bus 1; addr7=0x52 as unhealthy because initialization failed
02-16 18:01:11.208   994  1698 I I2C     : Automatically initializing I2C device RevColorSensorV3 USB (embedded); module 173; bus 1; addr7=0x52
02-16 18:01:11.209   994  1698 V BroadcomColorSensorImpl: internalInitialize()...
02-16 18:01:11.212   994  1698 V RobotCore: addr=false data=true arb=false clock=false
02-16 18:01:11.213   994  1698 E BroadcomColorSensor: readStatusQuery: cbExpected=1 cbRead=0
02-16 18:01:11.213   994  1698 E BroadcomColorSensorImpl: unexpected Broadcom color sensor chipid: found=0 expected=-62
02-16 18:01:11.213   994  1698 V BroadcomColorSensorImpl: ...internalInitialize()
02-16 18:01:11.213   994  1698 E RobotCore: Marking I2C device RevColorSensorV3 USB (embedded); module 173; bus 1; addr7=0x52 as unhealthy because initialization failed
02-16 18:01:11.317   994  1698 I I2C     : Automatically initializing I2C device RevColorSensorV3 USB (embedded); module 173; bus 1; addr7=0x52
02-16 18:01:11.317   994  1698 V BroadcomColorSensorImpl: internalInitialize()...
02-16 18:01:11.323   994  1698 V RobotCore: addr=false data=true arb=false clock=false
02-16 18:01:11.323   994  1698 E BroadcomColorSensor: readStatusQuery: cbExpected=1 cbRead=0
02-16 18:01:11.323   994  1698 E BroadcomColorSensorImpl: unexpected Broadcom color sensor chipid: found=0 expected=-62
02-16 18:01:11.323   994  1698 V BroadcomColorSensorImpl: ...internalInitialize()
02-16 18:01:11.324   994  1698 E RobotCore: Marking I2C device RevColorSensorV3 USB (embedded); module 173; bus 1; addr7=0x52 as unhealthy because initialization failed
02-16 18:01:11.429   994  1698 I I2C     : Automatically initializing I2C device RevColorSensorV3 USB (embedded); module 173; bus 1; addr7=0x52
02-16 18:01:11.429   994  1698 V BroadcomColorSensorImpl: internalInitialize()...
02-16 18:01:11.433   994  1698 V RobotCore: addr=false data=true arb=false clock=false
02-16 18:01:11.433   994  1698 E BroadcomColorSensor: readStatusQuery: cbExpected=1 cbRead=0
02-16 18:01:11.434   994  1698 E BroadcomColorSensorImpl: unexpected Broadcom color sensor chipid: found=0 expected=-62
02-16 18:01:11.434   994  1698 V BroadcomColorSensorImpl: ...internalInitialize()
02-16 18:01:11.434   994  1698 E RobotCore: Marking I2C device RevColorSensorV3 USB (embedded); module 173; bus 1; addr7=0x52 as unhealthy because initialization failed
02-16 18:01:11.539   994  1698 I I2C     : Automatically initializing I2C device RevColorSensorV3 USB (embedded); module 173; bus 1; addr7=0x52
02-16 18:01:11.539   994  1698 V BroadcomColorSensorImpl: internalInitialize()...
02-16 18:01:11.543   994  1698 V RobotCore: addr=false data=true arb=false clock=false
02-16 18:01:11.543   994  1698 E BroadcomColorSensor: readStatusQuery: cbExpected=1 cbRead=0
02-16 18:01:11.543   994  1698 E BroadcomColorSensorImpl: unexpected Broadcom color sensor chipid: found=0 expected=-62
02-16 18:01:11.543   994  1698 V BroadcomColorSensorImpl: ...internalInitialize()
02-16 18:01:11.544   994  1698 E RobotCore: Marking I2C device RevColorSensorV3 USB (embedded); module 173; bus 1; addr7=0x52 as unhealthy because initialization failed
02-16 18:01:11.651   994  1698 I I2C     : Automatically initializing I2C device RevColorSensorV3 USB (embedded); module 173; bus 1; addr7=0x52
02-16 18:01:11.651   994  1698 V BroadcomColorSensorImpl: internalInitialize()...
02-16 18:01:11.655   994  1698 V RobotCore: addr=false data=true arb=false clock=false
02-16 18:01:11.655   994  1698 E BroadcomColorSensor: readStatusQuery: cbExpected=1 cbRead=0
02-16 18:01:11.655   994  1698 E BroadcomColorSensorImpl: unexpected Broadcom color sensor chipid: found=0 expected=-62
02-16 18:01:11.655   994  1698 V BroadcomColorSensorImpl: ...internalInitialize()
02-16 18:01:11.656   994  1698 E RobotCore: Marking I2C device RevColorSensorV3 USB (embedded); module 173; bus 1; addr7=0x52 as unhealthy because initialization failed
02-16 18:01:11.765   994  1698 I I2C     : Automatically initializing I2C device RevColorSensorV3 USB (embedded); module 173; bus 1; addr7=0x52
02-16 18:01:11.765   994  1698 V BroadcomColorSensorImpl: internalInitialize()...
02-16 18:01:11.768   994  1698 V RobotCore: addr=false data=true arb=false clock=false
02-16 18:01:11.769   994  1698 E BroadcomColorSensor: readStatusQuery: cbExpected=1 cbRead=0
02-16 18:01:11.770   994  1698 E BroadcomColorSensorImpl: unexpected Broadcom color sensor chipid: found=0 expected=-62
02-16 18:01:11.770   994  1698 V BroadcomColorSensorImpl: ...internalInitialize()
02-16 18:01:11.770   994  1698 E RobotCore: Marking I2C device RevColorSensorV3 USB (embedded); module 173; bus 1; addr7=0x52 as unhealthy because initialization failed
02-16 18:01:11.876   994  1698 I I2C     : Automatically initializing I2C device RevColorSensorV3 USB (embedded); module 173; bus 1; addr7=0x52
02-16 18:01:11.876   994  1698 V BroadcomColorSensorImpl: internalInitialize()...
02-16 18:01:11.880   994  1698 V RobotCore: addr=false data=true arb=false clock=false
02-16 18:01:11.880   994  1698 E BroadcomColorSensor: readStatusQuery: cbExpected=1 cbRead=0
02-16 18:01:11.880   994  1698 E BroadcomColorSensorImpl: unexpected Broadcom color sensor chipid: found=0 expected=-62
02-16 18:01:11.880   994  1698 V BroadcomColorSensorImpl: ...internalInitialize()
02-16 18:01:11.881   994  1698 E RobotCore: Marking I2C device RevColorSensorV3 USB (embedded); module 173; bus 1; addr7=0x52 as unhealthy because initialization failed
02-16 18:01:11.986   994  1698 I I2C     : Automatically initializing I2C device RevColorSensorV3 USB (embedded); module 173; bus 1; addr7=0x52
02-16 18:01:11.987   994  1698 V BroadcomColorSensorImpl: internalInitialize()...
02-16 18:01:11.990   994  1698 V RobotCore: addr=false data=true arb=false clock=false
02-16 18:01:11.990   994  1698 E BroadcomColorSensor: readStatusQuery: cbExpected=1 cbRead=0
02-16 18:01:11.990   994  1698 E BroadcomColorSensorImpl: unexpected Broadcom color sensor chipid: found=0 expected=-62
02-16 18:01:11.990   994  1698 V BroadcomColorSensorImpl: ...internalInitialize()
02-16 18:01:11.991   994  1698 E RobotCore: Marking I2C device RevColorSensorV3 USB (embedded); module 173; bus 1; addr7=0x52 as unhealthy because initialization failed
02-16 18:01:12.096   994  1698 I I2C     : Automatically initializing I2C device RevColorSensorV3 USB (embedded); module 173; bus 1; addr7=0x52
02-16 18:01:12.097   994  1698 V BroadcomColorSensorImpl: internalInitialize()...
02-16 18:01:12.101   994  1698 V RobotCore: addr=false data=true arb=false clock=false
02-16 18:01:12.101   994  1698 E BroadcomColorSensor: readStatusQuery: cbExpected=1 cbRead=0
02-16 18:01:12.101   994  1698 E BroadcomColorSensorImpl: unexpected Broadcom color sensor chipid: found=0 expected=-62
02-16 18:01:12.101   994  1698 V BroadcomColorSensorImpl: ...internalInitialize()
02-16 18:01:12.102   994  1698 E RobotCore: Marking I2C device RevColorSensorV3 USB (embedded); module 173; bus 1; addr7=0x52 as unhealthy because initialization failed
02-16 18:01:12.206   994  1698 I I2C     : Automatically initializing I2C device RevColorSensorV3 USB (embedded); module 173; bus 1; addr7=0x52
02-16 18:01:12.206   994  1698 V BroadcomColorSensorImpl: internalInitialize()...
02-16 18:01:12.210   994  1698 V RobotCore: addr=false data=true arb=false clock=false
02-16 18:01:12.210   994  1698 E BroadcomColorSensor: readStatusQuery: cbExpected=1 cbRead=0
02-16 18:01:12.210   994  1698 E BroadcomColorSensorImpl: unexpected Broadcom color sensor chipid: found=0 expected=-62
02-16 18:01:12.210   994  1698 V BroadcomColorSensorImpl: ...internalInitialize()
02-16 18:01:12.211   994  1698 E RobotCore: Marking I2C device RevColorSensorV3 USB (embedded); module 173; bus 1; addr7=0x52 as unhealthy because initialization failed
02-16 18:01:12.319   994  1698 I I2C     : Automatically initializing I2C device RevColorSensorV3 USB (embedded); module 173; bus 1; addr7=0x52
02-16 18:01:12.319   994  1698 V BroadcomColorSensorImpl: internalInitialize()...
02-16 18:01:12.322   994  1698 V RobotCore: addr=false data=true arb=false clock=false
02-16 18:01:12.322   994  1698 E BroadcomColorSensor: readStatusQuery: cbExpected=1 cbRead=0
02-16 18:01:12.323   994  1698 E BroadcomColorSensorImpl: unexpected Broadcom color sensor chipid: found=0 expected=-62
02-16 18:01:12.323   994  1698 V BroadcomColorSensorImpl: ...internalInitialize()
02-16 18:01:12.323   994  1698 E RobotCore: Marking I2C device RevColorSensorV3 USB (embedded); module 173; bus 1; addr7=0x52 as unhealthy because initialization failed
02-16 18:01:12.427   994  1698 I I2C     : Automatically initializing I2C device RevColorSensorV3 USB (embedded); module 173; bus 1; addr7=0x52
02-16 18:01:12.428   994  1698 V BroadcomColorSensorImpl: internalInitialize()...
02-16 18:01:12.431   994  1698 V RobotCore: addr=false data=true arb=false clock=false
02-16 18:01:12.432   994  1698 E BroadcomColorSensor: readStatusQuery: cbExpected=1 cbRead=0
02-16 18:01:12.432   994  1698 E BroadcomColorSensorImpl: unexpected Broadcom color sensor chipid: found=0 expected=-62
02-16 18:01:12.432   994  1698 V BroadcomColorSensorImpl: ...internalInitialize()
02-16 18:01:12.432   994  1698 E RobotCore: Marking I2C device RevColorSensorV3 USB (embedded); module 173; bus 1; addr7=0x52 as unhealthy because initialization failed
02-16 18:01:12.506   994  2188 I RobotCore: alanevan123
02-16 18:01:12.540   994  1698 I I2C     : Automatically initializing I2C device RevColorSensorV3 USB (embedded); module 173; bus 1; addr7=0x52
02-16 18:01:12.541   994  1698 V BroadcomColorSensorImpl: internalInitialize()...
02-16 18:01:12.544   994  1698 V RobotCore: addr=false data=true arb=false clock=false
02-16 18:01:12.544   994  1698 E BroadcomColorSensor: readStatusQuery: cbExpected=1 cbRead=0
02-16 18:01:12.544   994  1698 E BroadcomColorSensorImpl: unexpected Broadcom color sensor chipid: found=0 expected=-62
02-16 18:01:12.544   994  1698 V BroadcomColorSensorImpl: ...internalInitialize()
02-16 18:01:12.544   994  1698 E RobotCore: Marking I2C device RevColorSensorV3 USB (embedded); module 173; bus 1; addr7=0x52 as unhealthy because initialization failed
02-16 18:01:12.653   994  1698 I I2C     : Automatically initializing I2C device RevColorSensorV3 USB (embedded); module 173; bus 1; addr7=0x52
02-16 18:01:12.653   994  1698 V BroadcomColorSensorImpl: internalInitialize()...
02-16 18:01:12.657   994  1698 V RobotCore: addr=false data=true arb=false clock=false
02-16 18:01:12.657   994  1698 E BroadcomColorSensor: readStatusQuery: cbExpected=1 cbRead=0
02-16 18:01:12.657   994  1698 E BroadcomColorSensorImpl: unexpected Broadcom color sensor chipid: found=0 expected=-62
02-16 18:01:12.657   994  1698 V BroadcomColorSensorImpl: ...internalInitialize()
02-16 18:01:12.657   994  1698 E RobotCore: Marking I2C device RevColorSensorV3 USB (embedded); module 173; bus 1; addr7=0x52 as unhealthy because initialization failed
02-16 18:01:12.766   994  1698 I I2C     : Automatically initializing I2C device RevColorSensorV3 USB (embedded); module 173; bus 1; addr7=0x52
02-16 18:01:12.766   994  1698 V BroadcomColorSensorImpl: internalInitialize()...
02-16 18:01:12.770   994  1698 V RobotCore: addr=false data=true arb=false clock=false
02-16 18:01:12.770   994  1698 E BroadcomColorSensor: readStatusQuery: cbExpected=1 cbRead=0
02-16 18:01:12.770   994  1698 E BroadcomColorSensorImpl: unexpected Broadcom color sensor chipid: found=0 expected=-62
02-16 18:01:12.770   994  1698 V BroadcomColorSensorImpl: ...internalInitialize()
02-16 18:01:12.771   994  1698 E RobotCore: Marking I2C device RevColorSensorV3 USB (embedded); module 173; bus 1; addr7=0x52 as unhealthy because initialization failed
02-16 18:01:12.874   994  1698 I I2C     : Automatically initializing I2C device RevColorSensorV3 USB (embedded); module 173; bus 1; addr7=0x52
02-16 18:01:12.874   994  1698 V BroadcomColorSensorImpl: internalInitialize()...
02-16 18:01:12.877   994  1698 V RobotCore: addr=false data=true arb=false clock=false
02-16 18:01:12.877   994  1698 E BroadcomColorSensor: readStatusQuery: cbExpected=1 cbRead=0
02-16 18:01:12.877   994  1698 E BroadcomColorSensorImpl: unexpected Broadcom color sensor chipid: found=0 expected=-62
02-16 18:01:12.878   994  1698 V BroadcomColorSensorImpl: ...internalInitialize()
02-16 18:01:12.878   994  1698 E RobotCore: Marking I2C device RevColorSensorV3 USB (embedded); module 173; bus 1; addr7=0x52 as unhealthy because initialization failed
02-16 18:01:12.987   994  1698 I I2C     : Automatically initializing I2C device RevColorSensorV3 USB (embedded); module 173; bus 1; addr7=0x52
02-16 18:01:12.987   994  1698 V BroadcomColorSensorImpl: internalInitialize()...
02-16 18:01:12.991   994  1698 V RobotCore: addr=false data=true arb=false clock=false
02-16 18:01:12.992   994  1698 E BroadcomColorSensor: readStatusQuery: cbExpected=1 cbRead=0
02-16 18:01:12.993   994  1698 E BroadcomColorSensorImpl: unexpected Broadcom color sensor chipid: found=0 expected=-62
02-16 18:01:12.993   994  1698 V BroadcomColorSensorImpl: ...internalInitialize()
02-16 18:01:12.995   994  1698 E RobotCore: Marking I2C device RevColorSensorV3 USB (embedded); module 173; bus 1; addr7=0x52 as unhealthy because initialization failed
02-16 18:01:13.102   994  1698 I I2C     : Automatically initializing I2C device RevColorSensorV3 USB (embedded); module 173; bus 1; addr7=0x52
02-16 18:01:13.102   994  1698 V BroadcomColorSensorImpl: internalInitialize()...
02-16 18:01:13.104   994  1698 V RobotCore: addr=false data=true arb=false clock=false
02-16 18:01:13.105   994  1698 E BroadcomColorSensor: readStatusQuery: cbExpected=1 cbRead=0
02-16 18:01:13.105   994  1698 E BroadcomColorSensorImpl: unexpected Broadcom color sensor chipid: found=0 expected=-62
02-16 18:01:13.105   994  1698 V BroadcomColorSensorImpl: ...internalInitialize()
02-16 18:01:13.106   994  1698 E RobotCore: Marking I2C device RevColorSensorV3 USB (embedded); module 173; bus 1; addr7=0x52 as unhealthy because initialization failed
02-16 18:01:13.212   994  1698 I I2C     : Automatically initializing I2C device RevColorSensorV3 USB (embedded); module 173; bus 1; addr7=0x52
02-16 18:01:13.213   994  1698 V BroadcomColorSensorImpl: internalInitialize()...
02-16 18:01:13.216   994  1698 V RobotCore: addr=false data=true arb=false clock=false
02-16 18:01:13.217   994  1698 E BroadcomColorSensor: readStatusQuery: cbExpected=1 cbRead=0
02-16 18:01:13.217   994  1698 E BroadcomColorSensorImpl: unexpected Broadcom color sensor chipid: found=0 expected=-62
02-16 18:01:13.217   994  1698 V BroadcomColorSensorImpl: ...internalInitialize()
02-16 18:01:13.217   994  1698 E RobotCore: Marking I2C device RevColorSensorV3 USB (embedded); module 173; bus 1; addr7=0x52 as unhealthy because initialization failed
02-16 18:01:13.320   994  1698 I I2C     : Automatically initializing I2C device RevColorSensorV3 USB (embedded); module 173; bus 1; addr7=0x52
02-16 18:01:13.320   994  1698 V BroadcomColorSensorImpl: internalInitialize()...
02-16 18:01:13.324   994  1698 V RobotCore: addr=false data=true arb=false clock=false
02-16 18:01:13.324   994  1698 E BroadcomColorSensor: readStatusQuery: cbExpected=1 cbRead=0
02-16 18:01:13.324   994  1698 E BroadcomColorSensorImpl: unexpected Broadcom color sensor chipid: found=0 expected=-62
02-16 18:01:13.324   994  1698 V BroadcomColorSensorImpl: ...internalInitialize()
02-16 18:01:13.325   994  1698 E RobotCore: Marking I2C device RevColorSensorV3 USB (embedded); module 173; bus 1; addr7=0x52 as unhealthy because initialization failed
02-16 18:01:13.431   994  1698 I I2C     : Automatically initializing I2C device RevColorSensorV3 USB (embedded); module 173; bus 1; addr7=0x52
02-16 18:01:13.431   994  1698 V BroadcomColorSensorImpl: internalInitialize()...
02-16 18:01:13.435   994  1698 V RobotCore: addr=false data=true arb=false clock=false
02-16 18:01:13.436   994  1698 E BroadcomColorSensor: readStatusQuery: cbExpected=1 cbRead=0
02-16 18:01:13.436   994  1698 E BroadcomColorSensorImpl: unexpected Broadcom color sensor chipid: found=0 expected=-62
02-16 18:01:13.436   994  1698 V BroadcomColorSensorImpl: ...internalInitialize()
02-16 18:01:13.436   994  1698 E RobotCore: Marking I2C device RevColorSensorV3 USB (embedded); module 173; bus 1; addr7=0x52 as unhealthy because initialization failed
02-16 18:01:13.544   994  1698 I I2C     : Automatically initializing I2C device RevColorSensorV3 USB (embedded); module 173; bus 1; addr7=0x52
02-16 18:01:13.544   994  1698 V BroadcomColorSensorImpl: internalInitialize()...
02-16 18:01:13.547   994  1698 V RobotCore: addr=false data=true arb=false clock=false
02-16 18:01:13.547   994  1698 E BroadcomColorSensor: readStatusQuery: cbExpected=1 cbRead=0
02-16 18:01:13.548   994  1698 E BroadcomColorSensorImpl: unexpected Broadcom color sensor chipid: found=0 expected=-62
02-16 18:01:13.548   994  1698 V BroadcomColorSensorImpl: ...internalInitialize()
02-16 18:01:13.549   994  1698 E RobotCore: Marking I2C device RevColorSensorV3 USB (embedded); module 173; bus 1; addr7=0x52 as unhealthy because initialization failed
02-16 18:01:13.655   994  1698 I I2C     : Automatically initializing I2C device RevColorSensorV3 USB (embedded); module 173; bus 1; addr7=0x52
02-16 18:01:13.655   994  1698 V BroadcomColorSensorImpl: internalInitialize()...
02-16 18:01:13.658   994  1698 V RobotCore: addr=false data=true arb=false clock=false
02-16 18:01:13.658   994  1698 E BroadcomColorSensor: readStatusQuery: cbExpected=1 cbRead=0
02-16 18:01:13.659   994  1698 E BroadcomColorSensorImpl: unexpected Broadcom color sensor chipid: found=0 expected=-62
02-16 18:01:13.659   994  1698 V BroadcomColorSensorImpl: ...internalInitialize()
02-16 18:01:13.659   994  1698 E RobotCore: Marking I2C device RevColorSensorV3 USB (embedded); module 173; bus 1; addr7=0x52 as unhealthy because initialization failed
02-16 18:01:13.765   994  1698 I I2C     : Automatically initializing I2C device RevColorSensorV3 USB (embedded); module 173; bus 1; addr7=0x52
02-16 18:01:13.765   994  1698 V BroadcomColorSensorImpl: internalInitialize()...
02-16 18:01:13.768   994  1698 V RobotCore: addr=false data=true arb=false clock=false
02-16 18:01:13.769   994  1698 E BroadcomColorSensor: readStatusQuery: cbExpected=1 cbRead=0
02-16 18:01:13.769   994  1698 E BroadcomColorSensorImpl: unexpected Broadcom color sensor chipid: found=0 expected=-62
02-16 18:01:13.769   994  1698 V BroadcomColorSensorImpl: ...internalInitialize()
02-16 18:01:13.769   994  1698 E RobotCore: Marking I2C device RevColorSensorV3 USB (embedded); module 173; bus 1; addr7=0x52 as unhealthy because initialization failed
02-16 18:01:13.875   994  1698 I I2C     : Automatically initializing I2C device RevColorSensorV3 USB (embedded); module 173; bus 1; addr7=0x52
02-16 18:01:13.875   994  1698 V BroadcomColorSensorImpl: internalInitialize()...
02-16 18:01:13.880   994  1698 V RobotCore: addr=false data=true arb=false clock=false
02-16 18:01:13.880   994  1698 E BroadcomColorSensor: readStatusQuery: cbExpected=1 cbRead=0
02-16 18:01:13.880   994  1698 E BroadcomColorSensorImpl: unexpected Broadcom color sensor chipid: found=0 expected=-62
02-16 18:01:13.881   994  1698 V BroadcomColorSensorImpl: ...internalInitialize()
02-16 18:01:13.881   994  1698 E RobotCore: Marking I2C device RevColorSensorV3 USB (embedded); module 173; bus 1; addr7=0x52 as unhealthy because initialization failed
02-16 18:01:13.989   994  1698 I I2C     : Automatically initializing I2C device RevColorSensorV3 USB (embedded); module 173; bus 1; addr7=0x52
02-16 18:01:13.989   994  1698 V BroadcomColorSensorImpl: internalInitialize()...
02-16 18:01:13.992   994  1698 V RobotCore: addr=false data=true arb=false clock=false
02-16 18:01:13.993   994  1698 E BroadcomColorSensor: readStatusQuery: cbExpected=1 cbRead=0
02-16 18:01:13.993   994  1698 E BroadcomColorSensorImpl: unexpected Broadcom color sensor chipid: found=0 expected=-62
02-16 18:01:13.993   994  1698 V BroadcomColorSensorImpl: ...internalInitialize()
02-16 18:01:13.993   994  1698 E RobotCore: Marking I2C device RevColorSensorV3 USB (embedded); module 173; bus 1; addr7=0x52 as unhealthy because initialization failed
02-16 18:01:14.102   994  1698 I I2C     : Automatically initializing I2C device RevColorSensorV3 USB (embedded); module 173; bus 1; addr7=0x52
02-16 18:01:14.103   994  1698 V BroadcomColorSensorImpl: internalInitialize()...
02-16 18:01:14.106   994  1698 V RobotCore: addr=false data=true arb=false clock=false
02-16 18:01:14.106   994  1698 E BroadcomColorSensor: readStatusQuery: cbExpected=1 cbRead=0
02-16 18:01:14.107   994  1698 E BroadcomColorSensorImpl: unexpected Broadcom color sensor chipid: found=0 expected=-62
02-16 18:01:14.107   994  1698 V BroadcomColorSensorImpl: ...internalInitialize()
02-16 18:01:14.108   994  1698 E RobotCore: Marking I2C device RevColorSensorV3 USB (embedded); module 173; bus 1; addr7=0x52 as unhealthy because initialization failed
02-16 18:01:14.214   994  1698 I I2C     : Automatically initializing I2C device RevColorSensorV3 USB (embedded); module 173; bus 1; addr7=0x52
02-16 18:01:14.214   994  1698 V BroadcomColorSensorImpl: internalInitialize()...
02-16 18:01:14.217   994  1698 V RobotCore: addr=false data=true arb=false clock=false
02-16 18:01:14.218   994  1698 E BroadcomColorSensor: readStatusQuery: cbExpected=1 cbRead=0
02-16 18:01:14.218   994  1698 E BroadcomColorSensorImpl: unexpected Broadcom color sensor chipid: found=0 expected=-62
02-16 18:01:14.218   994  1698 V BroadcomColorSensorImpl: ...internalInitialize()
02-16 18:01:14.218   994  1698 E RobotCore: Marking I2C device RevColorSensorV3 USB (embedded); module 173; bus 1; addr7=0x52 as unhealthy because initialization failed
02-16 18:01:14.328   994  1698 I I2C     : Automatically initializing I2C device RevColorSensorV3 USB (embedded); module 173; bus 1; addr7=0x52
02-16 18:01:14.328   994  1698 V BroadcomColorSensorImpl: internalInitialize()...
02-16 18:01:14.331   994  1698 V RobotCore: addr=false data=true arb=false clock=false
02-16 18:01:14.331   994  1698 E BroadcomColorSensor: readStatusQuery: cbExpected=1 cbRead=0
02-16 18:01:14.332   994  1698 E BroadcomColorSensorImpl: unexpected Broadcom color sensor chipid: found=0 expected=-62
02-16 18:01:14.332   994  1698 V BroadcomColorSensorImpl: ...internalInitialize()
02-16 18:01:14.332   994  1698 E RobotCore: Marking I2C device RevColorSensorV3 USB (embedded); module 173; bus 1; addr7=0x52 as unhealthy because initialization failed
02-16 18:01:14.438   994  1698 I I2C     : Automatically initializing I2C device RevColorSensorV3 USB (embedded); module 173; bus 1; addr7=0x52
02-16 18:01:14.438   994  1698 V BroadcomColorSensorImpl: internalInitialize()...
02-16 18:01:14.441   994  1698 V RobotCore: addr=false data=true arb=false clock=false
02-16 18:01:14.441   994  1698 E BroadcomColorSensor: readStatusQuery: cbExpected=1 cbRead=0
02-16 18:01:14.443   994  1698 E BroadcomColorSensorImpl: unexpected Broadcom color sensor chipid: found=0 expected=-62
02-16 18:01:14.443   994  1698 V BroadcomColorSensorImpl: ...internalInitialize()
02-16 18:01:14.443   994  1698 E RobotCore: Marking I2C device RevColorSensorV3 USB (embedded); module 173; bus 1; addr7=0x52 as unhealthy because initialization failed
02-16 18:01:14.546   994  1698 I I2C     : Automatically initializing I2C device RevColorSensorV3 USB (embedded); module 173; bus 1; addr7=0x52
02-16 18:01:14.546   994  1698 V BroadcomColorSensorImpl: internalInitialize()...
02-16 18:01:14.550   994  1698 V RobotCore: addr=false data=true arb=false clock=false
02-16 18:01:14.550   994  1698 E BroadcomColorSensor: readStatusQuery: cbExpected=1 cbRead=0
02-16 18:01:14.550   994  1698 E BroadcomColorSensorImpl: unexpected Broadcom color sensor chipid: found=0 expected=-62
02-16 18:01:14.550   994  1698 V BroadcomColorSensorImpl: ...internalInitialize()
02-16 18:01:14.551   994  1698 E RobotCore: Marking I2C device RevColorSensorV3 USB (embedded); module 173; bus 1; addr7=0x52 as unhealthy because initialization failed
02-16 18:01:14.659   994  1698 I I2C     : Automatically initializing I2C device RevColorSensorV3 USB (embedded); module 173; bus 1; addr7=0x52
02-16 18:01:14.659   994  1698 V BroadcomColorSensorImpl: internalInitialize()...
02-16 18:01:14.662   994  1698 V RobotCore: addr=false data=true arb=false clock=false
02-16 18:01:14.662   994  1698 E BroadcomColorSensor: readStatusQuery: cbExpected=1 cbRead=0
02-16 18:01:14.662   994  1698 E BroadcomColorSensorImpl: unexpected Broadcom color sensor chipid: found=0 expected=-62
02-16 18:01:14.662   994  1698 V BroadcomColorSensorImpl: ...internalInitialize()
02-16 18:01:14.663   994  1698 E RobotCore: Marking I2C device RevColorSensorV3 USB (embedded); module 173; bus 1; addr7=0x52 as unhealthy because initialization failed
02-16 18:01:14.765   994  1698 I I2C     : Automatically initializing I2C device RevColorSensorV3 USB (embedded); module 173; bus 1; addr7=0x52
02-16 18:01:14.766   994  1698 V BroadcomColorSensorImpl: internalInitialize()...
02-16 18:01:14.770   994  1698 V RobotCore: addr=false data=true arb=false clock=false
02-16 18:01:14.770   994  1698 E BroadcomColorSensor: readStatusQuery: cbExpected=1 cbRead=0
02-16 18:01:14.770   994  1698 E BroadcomColorSensorImpl: unexpected Broadcom color sensor chipid: found=0 expected=-62
02-16 18:01:14.770   994  1698 V BroadcomColorSensorImpl: ...internalInitialize()
02-16 18:01:14.771   994  1698 E RobotCore: Marking I2C device RevColorSensorV3 USB (embedded); module 173; bus 1; addr7=0x52 as unhealthy because initialization failed
02-16 18:01:14.874   994  1698 I I2C     : Automatically initializing I2C device RevColorSensorV3 USB (embedded); module 173; bus 1; addr7=0x52
02-16 18:01:14.874   994  1698 V BroadcomColorSensorImpl: internalInitialize()...
02-16 18:01:14.879   994  1698 V RobotCore: addr=false data=true arb=false clock=false
02-16 18:01:14.879   994  1698 E BroadcomColorSensor: readStatusQuery: cbExpected=1 cbRead=0
02-16 18:01:14.880   994  1698 E BroadcomColorSensorImpl: unexpected Broadcom color sensor chipid: found=0 expected=-62
02-16 18:01:14.880   994  1698 V BroadcomColorSensorImpl: ...internalInitialize()
02-16 18:01:14.880   994  1698 E RobotCore: Marking I2C device RevColorSensorV3 USB (embedded); module 173; bus 1; addr7=0x52 as unhealthy because initialization failed
02-16 18:01:14.989   994  1698 I I2C     : Automatically initializing I2C device RevColorSensorV3 USB (embedded); module 173; bus 1; addr7=0x52
02-16 18:01:14.989   994  1698 V BroadcomColorSensorImpl: internalInitialize()...
02-16 18:01:14.993   994  1698 V RobotCore: addr=false data=true arb=false clock=false
02-16 18:01:14.993   994  1698 E BroadcomColorSensor: readStatusQuery: cbExpected=1 cbRead=0
02-16 18:01:14.993   994  1698 E BroadcomColorSensorImpl: unexpected Broadcom color sensor chipid: found=0 expected=-62
02-16 18:01:14.993   994  1698 V BroadcomColorSensorImpl: ...internalInitialize()
02-16 18:01:14.994   994  1698 E RobotCore: Marking I2C device RevColorSensorV3 USB (embedded); module 173; bus 1; addr7=0x52 as unhealthy because initialization failed
02-16 18:01:15.099   994  1698 I I2C     : Automatically initializing I2C device RevColorSensorV3 USB (embedded); module 173; bus 1; addr7=0x52
02-16 18:01:15.100   994  1698 V BroadcomColorSensorImpl: internalInitialize()...
02-16 18:01:15.103   994  1698 V RobotCore: addr=false data=true arb=false clock=false
02-16 18:01:15.103   994  1698 E BroadcomColorSensor: readStatusQuery: cbExpected=1 cbRead=0
02-16 18:01:15.103   994  1698 E BroadcomColorSensorImpl: unexpected Broadcom color sensor chipid: found=0 expected=-62
02-16 18:01:15.103   994  1698 V BroadcomColorSensorImpl: ...internalInitialize()
02-16 18:01:15.104   994  1698 E RobotCore: Marking I2C device RevColorSensorV3 USB (embedded); module 173; bus 1; addr7=0x52 as unhealthy because initialization failed
02-16 18:01:15.212   994  1698 I I2C     : Automatically initializing I2C device RevColorSensorV3 USB (embedded); module 173; bus 1; addr7=0x52
02-16 18:01:15.212   994  1698 V BroadcomColorSensorImpl: internalInitialize()...
02-16 18:01:15.216   994  1698 V RobotCore: addr=false data=true arb=false clock=false
02-16 18:01:15.216   994  1698 E BroadcomColorSensor: readStatusQuery: cbExpected=1 cbRead=0
02-16 18:01:15.216   994  1698 E BroadcomColorSensorImpl: unexpected Broadcom color sensor chipid: found=0 expected=-62
02-16 18:01:15.217   994  1698 V BroadcomColorSensorImpl: ...internalInitialize()
02-16 18:01:15.217   994  1698 E RobotCore: Marking I2C device RevColorSensorV3 USB (embedded); module 173; bus 1; addr7=0x52 as unhealthy because initialization failed
02-16 18:01:15.326   994  1698 I I2C     : Automatically initializing I2C device RevColorSensorV3 USB (embedded); module 173; bus 1; addr7=0x52
02-16 18:01:15.326   994  1698 V BroadcomColorSensorImpl: internalInitialize()...
02-16 18:01:15.329   994  1698 V RobotCore: addr=false data=true arb=false clock=false
